Archive member included to satisfy reference by file (symbol)

c:/users/administrator/.platformio/packages/toolchain-gccarmnoneeabi/bin/../lib/gcc/arm-none-eabi/12.3.1/../../../../arm-none-eabi/lib/thumb/v7-m/nofp\libc_nano.a(libc_a-atexit.o)
                              c:/users/administrator/.platformio/packages/toolchain-gccarmnoneeabi/bin/../lib/gcc/arm-none-eabi/12.3.1/../../../../arm-none-eabi/lib/thumb/v7-m/nofp/crt0.o (atexit)
c:/users/administrator/.platformio/packages/toolchain-gccarmnoneeabi/bin/../lib/gcc/arm-none-eabi/12.3.1/../../../../arm-none-eabi/lib/thumb/v7-m/nofp\libc_nano.a(libc_a-exit.o)
                              c:/users/administrator/.platformio/packages/toolchain-gccarmnoneeabi/bin/../lib/gcc/arm-none-eabi/12.3.1/../../../../arm-none-eabi/lib/thumb/v7-m/nofp/crt0.o (exit)
c:/users/administrator/.platformio/packages/toolchain-gccarmnoneeabi/bin/../lib/gcc/arm-none-eabi/12.3.1/../../../../arm-none-eabi/lib/thumb/v7-m/nofp\libc_nano.a(libc_a-nano-vfprintf_float.o)
                              (_printf_float)
c:/users/administrator/.platformio/packages/toolchain-gccarmnoneeabi/bin/../lib/gcc/arm-none-eabi/12.3.1/../../../../arm-none-eabi/lib/thumb/v7-m/nofp\libc_nano.a(libc_a-nano-vfprintf_i.o)
                              c:/users/administrator/.platformio/packages/toolchain-gccarmnoneeabi/bin/../lib/gcc/arm-none-eabi/12.3.1/../../../../arm-none-eabi/lib/thumb/v7-m/nofp\libc_nano.a(libc_a-nano-vfprintf_float.o) (_printf_common)
c:/users/administrator/.platformio/packages/toolchain-gccarmnoneeabi/bin/../lib/gcc/arm-none-eabi/12.3.1/../../../../arm-none-eabi/lib/thumb/v7-m/nofp\libc_nano.a(libc_a-findfp.o)
                              c:/users/administrator/.platformio/packages/toolchain-gccarmnoneeabi/bin/../lib/gcc/arm-none-eabi/12.3.1/../../../../arm-none-eabi/lib/thumb/v7-m/nofp\libc_nano.a(libc_a-exit.o) (__stdio_exit_handler)
c:/users/administrator/.platformio/packages/toolchain-gccarmnoneeabi/bin/../lib/gcc/arm-none-eabi/12.3.1/../../../../arm-none-eabi/lib/thumb/v7-m/nofp\libc_nano.a(libc_a-fwalk.o)
                              c:/users/administrator/.platformio/packages/toolchain-gccarmnoneeabi/bin/../lib/gcc/arm-none-eabi/12.3.1/../../../../arm-none-eabi/lib/thumb/v7-m/nofp\libc_nano.a(libc_a-findfp.o) (_fwalk_sglue)
c:/users/administrator/.platformio/packages/toolchain-gccarmnoneeabi/bin/../lib/gcc/arm-none-eabi/12.3.1/../../../../arm-none-eabi/lib/thumb/v7-m/nofp\libc_nano.a(libc_a-printf.o)
                              build/main.o (printf)
c:/users/administrator/.platformio/packages/toolchain-gccarmnoneeabi/bin/../lib/gcc/arm-none-eabi/12.3.1/../../../../arm-none-eabi/lib/thumb/v7-m/nofp\libc_nano.a(libc_a-puts.o)
                              build/main.o (puts)
c:/users/administrator/.platformio/packages/toolchain-gccarmnoneeabi/bin/../lib/gcc/arm-none-eabi/12.3.1/../../../../arm-none-eabi/lib/thumb/v7-m/nofp\libc_nano.a(libc_a-setbuf.o)
                              build/main.o (setbuf)
c:/users/administrator/.platformio/packages/toolchain-gccarmnoneeabi/bin/../lib/gcc/arm-none-eabi/12.3.1/../../../../arm-none-eabi/lib/thumb/v7-m/nofp\libc_nano.a(libc_a-setvbuf.o)
                              c:/users/administrator/.platformio/packages/toolchain-gccarmnoneeabi/bin/../lib/gcc/arm-none-eabi/12.3.1/../../../../arm-none-eabi/lib/thumb/v7-m/nofp\libc_nano.a(libc_a-setbuf.o) (setvbuf)
c:/users/administrator/.platformio/packages/toolchain-gccarmnoneeabi/bin/../lib/gcc/arm-none-eabi/12.3.1/../../../../arm-none-eabi/lib/thumb/v7-m/nofp\libc_nano.a(libc_a-stdio.o)
                              c:/users/administrator/.platformio/packages/toolchain-gccarmnoneeabi/bin/../lib/gcc/arm-none-eabi/12.3.1/../../../../arm-none-eabi/lib/thumb/v7-m/nofp\libc_nano.a(libc_a-findfp.o) (__sread)
c:/users/administrator/.platformio/packages/toolchain-gccarmnoneeabi/bin/../lib/gcc/arm-none-eabi/12.3.1/../../../../arm-none-eabi/lib/thumb/v7-m/nofp\libc_nano.a(libc_a-wbuf.o)
                              c:/users/administrator/.platformio/packages/toolchain-gccarmnoneeabi/bin/../lib/gcc/arm-none-eabi/12.3.1/../../../../arm-none-eabi/lib/thumb/v7-m/nofp\libc_nano.a(libc_a-puts.o) (__swbuf_r)
c:/users/administrator/.platformio/packages/toolchain-gccarmnoneeabi/bin/../lib/gcc/arm-none-eabi/12.3.1/../../../../arm-none-eabi/lib/thumb/v7-m/nofp\libc_nano.a(libc_a-wsetup.o)
                              c:/users/administrator/.platformio/packages/toolchain-gccarmnoneeabi/bin/../lib/gcc/arm-none-eabi/12.3.1/../../../../arm-none-eabi/lib/thumb/v7-m/nofp\libc_nano.a(libc_a-puts.o) (__swsetup_r)
c:/users/administrator/.platformio/packages/toolchain-gccarmnoneeabi/bin/../lib/gcc/arm-none-eabi/12.3.1/../../../../arm-none-eabi/lib/thumb/v7-m/nofp\libc_nano.a(libc_a-memset.o)
                              c:/users/administrator/.platformio/packages/toolchain-gccarmnoneeabi/bin/../lib/gcc/arm-none-eabi/12.3.1/../../../../arm-none-eabi/lib/thumb/v7-m/nofp/crt0.o (memset)
[...]
Memory Configuration

Name             Origin             Length             Attributes
RAM              0x20000000         0x00005000         xrw
FLASH            0x08000000         0x00010000         xr
*default*        0x00000000         0xffffffff

Linker script and memory map

LOAD c:/users/administrator/.platformio/packages/toolchain-gccarmnoneeabi/bin/../lib/gcc/arm-none-eabi/12.3.1/thumb/v7-m/nofp/crti.o
LOAD c:/users/administrator/.platformio/packages/toolchain-gccarmnoneeabi/bin/../lib/gcc/arm-none-eabi/12.3.1/thumb/v7-m/nofp/crtbegin.o
LOAD c:/users/administrator/.platformio/packages/toolchain-gccarmnoneeabi/bin/../lib/gcc/arm-none-eabi/12.3.1/../../../../arm-none-eabi/lib/thumb/v7-m/nofp/crt0.o
LOAD build/main.o
LOAD build/gpio.o
LOAD build/stm32f1xx_it.o
LOAD build/stm32f1xx_hal_msp.o
LOAD build/stm32f1xx_hal_gpio_ex.o
LOAD build/stm32f1xx_hal.o
LOAD build/stm32f1xx_hal_rcc.o
LOAD build/stm32f1xx_hal_rcc_ex.o
LOAD build/stm32f1xx_hal_gpio.o
LOAD build/stm32f1xx_hal_dma.o
LOAD build/stm32f1xx_hal_cortex.o
LOAD build/stm32f1xx_hal_pwr.o
LOAD build/stm32f1xx_hal_flash.o
LOAD build/stm32f1xx_hal_flash_ex.o
LOAD build/stm32f1xx_hal_exti.o
LOAD build/system_stm32f1xx.o
LOAD build/sysmem.o
LOAD build/syscalls.o
LOAD build/i2c.o
LOAD build/usart.o
LOAD build/aht10.o
LOAD build/sgp30.o
LOAD build/stm32f1xx_hal_i2c.o
LOAD build/stm32f1xx_hal_uart.o
LOAD build/startup_stm32f103xb.o
LOAD c:/users/administrator/.platformio/packages/toolchain-gccarmnoneeabi/bin/../lib/gcc/arm-none-eabi/12.3.1/../../../../arm-none-eabi/lib/thumb/v7-m/nofp\libc_nano.a
LOAD c:/users/administrator/.platformio/packages/toolchain-gccarmnoneeabi/bin/../lib/gcc/arm-none-eabi/12.3.1/../../../../arm-none-eabi/lib/thumb/v7-m/nofp\libm.a
LOAD c:/users/administrator/.platformio/packages/toolchain-gccarmnoneeabi/bin/../lib/gcc/arm-none-eabi/12.3.1/../../../../arm-none-eabi/lib/thumb/v7-m/nofp\libnosys.a
START GROUP
LOAD c:/users/administrator/.platformio/packages/toolchain-gccarmnoneeabi/bin/../lib/gcc/arm-none-eabi/12.3.1/thumb/v7-m/nofp\libgcc.a
LOAD c:/users/administrator/.platformio/packages/toolchain-gccarmnoneeabi/bin/../lib/gcc/arm-none-eabi/12.3.1/../../../../arm-none-eabi/lib/thumb/v7-m/nofp\libc_nano.a
END GROUP
START GROUP
LOAD c:/users/administrator/.platformio/packages/toolchain-gccarmnoneeabi/bin/../lib/gcc/arm-none-eabi/12.3.1/thumb/v7-m/nofp\libgcc.a
LOAD c:/users/administrator/.platformio/packages/toolchain-gccarmnoneeabi/bin/../lib/gcc/arm-none-eabi/12.3.1/../../../../arm-none-eabi/lib/thumb/v7-m/nofp\libc_nano.a
END GROUP
LOAD c:/users/administrator/.platformio/packages/toolchain-gccarmnoneeabi/bin/../lib/gcc/arm-none-eabi/12.3.1/thumb/v7-m/nofp/crtend.o
LOAD c:/users/administrator/.platformio/packages/toolchain-gccarmnoneeabi/bin/../lib/gcc/arm-none-eabi/12.3.1/thumb/v7-m/nofp/crtn.o
                0x20005000                        _estack = (ORIGIN (RAM) + LENGTH (RAM))
                0x20004c00                        _sstack = (_estack - _Min_Stack_Size)
                0x00000200                        _Min_Heap_Size = 0x200
                0x00000400                        _Min_Stack_Size = 0x400

.isr_vector     0x08000000      0x10c
                0x08000000                        . = ALIGN (0x4)
 *(.isr_vector)
 .isr_vector    0x08000000      0x10c build/startup_stm32f103xb.o
                0x08000000                g_pfnVectors
                0x0800010c                        . = ALIGN (0x4)

.text           0x08000110     0x78c0
                0x08000110                        . = ALIGN (0x4)
 *(.text)
 .text          0x08000110       0x10 c:/users/administrator/.platformio/packages/toolchain-gccarmnoneeabi/bin/../lib/gcc/arm-none-eabi/12.3.1/../../../../arm-none-eabi/lib/thumb/v7-m/nofp\libc_nano.a(libc_a-strlen.o)
                0x08000110                strlen
 .text          0x08000120      0x168 c:/users/administrator/.platformio/packages/toolchain-gccarmnoneeabi/bin/../lib/gcc/arm-none-eabi/12.3.1/thumb/v7-m/nofp\libgcc.a(_arm_mulsf3.o)
                0x08000120                __aeabi_fmul
                0x08000120                __mulsf3
 .text          0x08000288      0x378 c:/users/administrator/.platformio/packages/toolchain-gccarmnoneeabi/bin/../lib/gcc/arm-none-eabi/12.3.1/thumb/v7-m/nofp\libgcc.a(_arm_addsubdf3.o)
                0x08000288                __aeabi_drsub
                0x08000290                __aeabi_dsub
                0x08000290                __subdf3
                0x08000294                __aeabi_dadd
                0x08000294                __adddf3
                0x0800050c                __floatunsidf
                0x0800050c                __aeabi_ui2d
                0x0800052c                __floatsidf
                0x0800052c                __aeabi_i2d
                0x08000550                __aeabi_f2d
                0x08000550                __extendsfdf2
                0x08000594                __floatundidf
                0x08000594                __aeabi_ul2d
                0x080005a4                __floatdidf
                0x080005a4                __aeabi_l2d
 .text          0x08000600      0x424 c:/users/administrator/.platformio/packages/toolchain-gccarmnoneeabi/bin/../lib/gcc/arm-none-eabi/12.3.1/thumb/v7-m/nofp\libgcc.a(_arm_muldivdf3.o)
                0x08000600                __aeabi_dmul
                0x08000600                __muldf3
                0x08000854                __divdf3
                0x08000854                __aeabi_ddiv
 .text          0x08000a24      0x110 c:/users/administrator/.platformio/packages/toolchain-gccarmnoneeabi/bin/../lib/gcc/arm-none-eabi/12.3.1/thumb/v7-m/nofp\libgcc.a(_arm_cmpdf2.o)
                0x08000a24                __gtdf2
                0x08000a24                __gedf2
                0x08000a2c                __ltdf2
                0x08000a2c                __ledf2
                0x08000a34                __nedf2
                0x08000a34                __eqdf2
                0x08000a34                __cmpdf2
                0x08000ab0                __aeabi_cdrcmple
                0x08000ac0                __aeabi_cdcmpeq
                0x08000ac0                __aeabi_cdcmple
                0x08000ad0                __aeabi_dcmpeq
                0x08000ae4                __aeabi_dcmplt
                0x08000af8                __aeabi_dcmple
                0x08000b0c                __aeabi_dcmpge
                0x08000b20                __aeabi_dcmpgt
 .text          0x08000b34       0x2c c:/users/administrator/.platformio/packages/toolchain-gccarmnoneeabi/bin/../lib/gcc/arm-none-eabi/12.3.1/thumb/v7-m/nofp\libgcc.a(_arm_unorddf2.o)
                0x08000b34                __unorddf2
                0x08000b34                __aeabi_dcmpun
 .text          0x08000b60       0x50 c:/users/administrator/.platformio/packages/toolchain-gccarmnoneeabi/bin/../lib/gcc/arm-none-eabi/12.3.1/thumb/v7-m/nofp\libgcc.a(_arm_fixdfsi.o)
                0x08000b60                __aeabi_d2iz
                0x08000b60                __fixdfsi
 .text          0x08000bb0      0x21c c:/users/administrator/.platformio/packages/toolchain-gccarmnoneeabi/bin/../lib/gcc/arm-none-eabi/12.3.1/thumb/v7-m/nofp\libgcc.a(_arm_addsubsf3.o)
                0x08000bb0                __aeabi_frsub
                0x08000bb8                __subsf3
                0x08000bb8                __aeabi_fsub
                0x08000bbc                __aeabi_fadd
                0x08000bbc                __addsf3
                0x08000d1c                __aeabi_ui2f
                0x08000d1c                __floatunsisf
                0x08000d24                __aeabi_i2f
                0x08000d24                __floatsisf
                0x08000d40                __aeabi_ul2f
                0x08000d40                __floatundisf
                0x08000d50                __aeabi_l2f
                0x08000d50                __floatdisf
 *(.text*)
 .text.__do_global_dtors_aux
                0x08000dcc       0x24 c:/users/administrator/.platformio/packages/toolchain-gccarmnoneeabi/bin/../lib/gcc/arm-none-eabi/12.3.1/thumb/v7-m/nofp/crtbegin.o
 .text.frame_dummy
                0x08000df0       0x1c c:/users/administrator/.platformio/packages/toolchain-gccarmnoneeabi/bin/../lib/gcc/arm-none-eabi/12.3.1/thumb/v7-m/nofp/crtbegin.o
 .text.App_HalStatusStr
                0x08000e0c       0x34 build/main.o
 .text.App_PrintLastResetCause
                0x08000e40       0xac build/main.o
 .text.App_PrintI2cDecodeRaw
                0x08000eec       0xec build/main.o
 .text.App_PrintI2cDecode
                0x08000fd8       0x14 build/main.o
 .text.I2C1_ResetAfterHalStall
                0x08000fec       0x1c build/main.o
 .text.I2C1_PrintBusProbe
                0x08001008       0xa8 build/main.o
 .text.I2C1_UnstickBus
                0x080010b0      0x108 build/main.o
 .text.I2C1_RecoverFromI2cFailure
                0x080011b8       0x12 build/main.o
 *fill*         0x080011ca        0x2 
 .text.__io_putchar
                0x080011cc       0x24 build/main.o
                0x080011cc                __io_putchar
 .text.Error_Handler
                0x080011f0        0x4 build/main.o
                0x080011f0                Error_Handler
 .text.SystemClock_Config
                0x080011f4       0x52 build/main.o
                0x080011f4                SystemClock_Config
 *fill*         0x08001246        0x2 
 .text.main     0x08001248      0x4ec build/main.o
                0x08001248                main
 .text.MX_GPIO_Init
                0x08001734       0x78 build/gpio.o
                0x08001734                MX_GPIO_Init
 .text.NMI_Handler
                0x080017ac        0x2 build/stm32f1xx_it.o
                0x080017ac                NMI_Handler
 .text.HardFault_Handler
                0x080017ae        0x2 build/stm32f1xx_it.o
                0x080017ae                HardFault_Handler
 .text.MemManage_Handler
                0x080017b0        0x2 build/stm32f1xx_it.o
                0x080017b0                MemManage_Handler
 .text.BusFault_Handler
                0x080017b2        0x2 build/stm32f1xx_it.o
                0x080017b2                BusFault_Handler
 .text.UsageFault_Handler
                0x080017b4        0x2 build/stm32f1xx_it.o
                0x080017b4                UsageFault_Handler
 .text.SVC_Handler
                0x080017b6        0x2 build/stm32f1xx_it.o
                0x080017b6                SVC_Handler
 .text.DebugMon_Handler
                0x080017b8        0x2 build/stm32f1xx_it.o
                0x080017b8                DebugMon_Handler
 .text.PendSV_Handler
                0x080017ba        0x2 build/stm32f1xx_it.o
                0x080017ba                PendSV_Handler
 .text.SysTick_Handler
                0x080017bc        0x8 build/stm32f1xx_it.o
                0x080017bc                SysTick_Handler
 .text.I2C1_EV_IRQHandler
                0x080017c4       0x10 build/stm32f1xx_it.o
                0x080017c4                I2C1_EV_IRQHandler
 .text.USART1_IRQHandler
                0x080017d4       0x10 build/stm32f1xx_it.o
                0x080017d4                USART1_IRQHandler
 .text.HAL_MspInit
                0x080017e4       0x44 build/stm32f1xx_hal_msp.o
                0x080017e4                HAL_MspInit
 .text.HAL_InitTick
                0x08001828       0x4c build/stm32f1xx_hal.o
                0x08001828                HAL_InitTick
 .text.HAL_Init
                0x08001874       0x24 build/stm32f1xx_hal.o
                0x08001874                HAL_Init
 .text.HAL_IncTick
                0x08001898       0x18 build/stm32f1xx_hal.o
                0x08001898                HAL_IncTick
 .text.HAL_GetTick
                0x080018b0        0xc build/stm32f1xx_hal.o
                0x080018b0                HAL_GetTick
 .text.HAL_Delay
                0x080018bc       0x28 build/stm32f1xx_hal.o
                0x080018bc                HAL_Delay
 .text.RCC_Delay
                0x080018e4       0x2c build/stm32f1xx_hal_rcc.o
 .text.HAL_RCC_OscConfig
                0x08001910      0x410 build/stm32f1xx_hal_rcc.o
                0x08001910                HAL_RCC_OscConfig
 .text.HAL_RCC_GetSysClockFreq
                0x08001d20       0x54 build/stm32f1xx_hal_rcc.o
                0x08001d20                HAL_RCC_GetSysClockFreq
 .text.HAL_RCC_ClockConfig
                0x08001d74      0x16c build/stm32f1xx_hal_rcc.o
                0x08001d74                HAL_RCC_ClockConfig
 .text.HAL_RCC_GetHCLKFreq
                0x08001ee0        0xc build/stm32f1xx_hal_rcc.o
                0x08001ee0                HAL_RCC_GetHCLKFreq
 .text.HAL_RCC_GetPCLK1Freq
                0x08001eec       0x20 build/stm32f1xx_hal_rcc.o
                0x08001eec                HAL_RCC_GetPCLK1Freq
 .text.HAL_RCC_GetPCLK2Freq
                0x08001f0c       0x20 build/stm32f1xx_hal_rcc.o
                0x08001f0c                HAL_RCC_GetPCLK2Freq
 .text.HAL_GPIO_Init
                0x08001f2c      0x21c build/stm32f1xx_hal_gpio.o
                0x08001f2c                HAL_GPIO_Init
 .text.HAL_GPIO_DeInit
                0x08002148       0xfc build/stm32f1xx_hal_gpio.o
                0x08002148                HAL_GPIO_DeInit
 .text.HAL_GPIO_WritePin
                0x08002244        0xc build/stm32f1xx_hal_gpio.o
                0x08002244                HAL_GPIO_WritePin
 .text.HAL_GPIO_TogglePin
                0x08002250       0x12 build/stm32f1xx_hal_gpio.o
                0x08002250                HAL_GPIO_TogglePin
 .text.HAL_DMA_Abort
                0x08002262       0x46 build/stm32f1xx_hal_dma.o
                0x08002262                HAL_DMA_Abort
 .text.HAL_DMA_Abort_IT
                0x080022a8       0x98 build/stm32f1xx_hal_dma.o
                0x080022a8                HAL_DMA_Abort_IT
 .text.HAL_DMA_GetState
                0x08002340        0x6 build/stm32f1xx_hal_dma.o
                0x08002340                HAL_DMA_GetState
 *fill*         0x08002346        0x2 
 .text.__NVIC_DisableIRQ
                0x08002348       0x24 build/stm32f1xx_hal_cortex.o
 .text.__NVIC_SetPriority
                0x0800236c       0x28 build/stm32f1xx_hal_cortex.o
 .text.NVIC_EncodePriority
                0x08002394       0x3e build/stm32f1xx_hal_cortex.o
 *fill*         0x080023d2        0x2 
 .text.HAL_NVIC_SetPriorityGrouping
                0x080023d4       0x24 build/stm32f1xx_hal_cortex.o
                0x080023d4                HAL_NVIC_SetPriorityGrouping
 .text.HAL_NVIC_SetPriority
                0x080023f8       0x20 build/stm32f1xx_hal_cortex.o
                0x080023f8                HAL_NVIC_SetPriority
 .text.HAL_NVIC_EnableIRQ
                0x08002418       0x1c build/stm32f1xx_hal_cortex.o
                0x08002418                HAL_NVIC_EnableIRQ
 .text.HAL_NVIC_DisableIRQ
                0x08002434        0x8 build/stm32f1xx_hal_cortex.o
                0x08002434                HAL_NVIC_DisableIRQ
 .text.HAL_SYSTICK_Config
                0x0800243c       0x28 build/stm32f1xx_hal_cortex.o
                0x0800243c                HAL_SYSTICK_Config
 .text.SystemInit
                0x08002464        0x2 build/system_stm32f1xx.o
                0x08002464                SystemInit
 *fill*         0x08002466        0x2 
 .text.SystemCoreClockUpdate
                0x08002468       0x94 build/system_stm32f1xx.o
                0x08002468                SystemCoreClockUpdate
 .text._sbrk    0x080024fc       0x48 build/sysmem.o
                0x080024fc                _sbrk
 .text._getpid  0x08002544        0x4 build/syscalls.o
                0x08002544                _getpid
 .text._kill    0x08002548       0x10 build/syscalls.o
                0x08002548                _kill
 .text._exit    0x08002558        0xc build/syscalls.o
                0x08002558                _exit
 .text._read    0x08002564       0x20 build/syscalls.o
                0x08002564                _read
 .text._write   0x08002584       0x1c build/syscalls.o
                0x08002584                _write
 .text._close   0x080025a0        0x6 build/syscalls.o
                0x080025a0                _close
 .text._fstat   0x080025a6        0xa build/syscalls.o
                0x080025a6                _fstat
 .text._isatty  0x080025b0        0x4 build/syscalls.o
                0x080025b0                _isatty
 .text._lseek   0x080025b4        0x4 build/syscalls.o
                0x080025b4                _lseek
 .text.MX_I2C1_Init
                0x080025b8       0x50 build/i2c.o
                0x080025b8                MX_I2C1_Init
 .text.HAL_I2C_MspInit
                0x08002608       0x74 build/i2c.o
                0x08002608                HAL_I2C_MspInit
 .text.HAL_I2C_MspDeInit
                0x0800267c       0x3c build/i2c.o
                0x0800267c                HAL_I2C_MspDeInit
 .text.MX_USART1_UART_Init
                0x080026b8       0x34 build/usart.o
                0x080026b8                MX_USART1_UART_Init
 .text.HAL_UART_MspInit
                0x080026ec       0x88 build/usart.o
                0x080026ec                HAL_UART_MspInit
 .text.AHT10_Init
                0x08002774       0x4c build/aht10.o
                0x08002774                AHT10_Init
 .text.AHT10_Read
                0x080027c0      0x104 build/aht10.o
                0x080027c0                AHT10_Read
 .text.SGP30_CRC8
                0x080028c4       0x38 build/sgp30.o
 .text.SGP30_SetAddr7
                0x080028fc       0x18 build/sgp30.o
                0x080028fc                SGP30_SetAddr7
 .text.SGP30_Init
                0x08002914       0x30 build/sgp30.o
                0x08002914                SGP30_Init
 .text.SGP30_ReadAirQuality
                0x08002944      0x110 build/sgp30.o
                0x08002944                SGP30_ReadAirQuality
 .text.SGP30_GetLastDiag
                0x08002a54        0xc build/sgp30.o
                0x08002a54                SGP30_GetLastDiag
 .text.I2C_Flush_DR
                0x08002a60       0x10 build/stm32f1xx_hal_i2c.o
 .text.I2C_Master_SB
                0x08002a70       0xa8 build/stm32f1xx_hal_i2c.o
 .text.I2C_Master_ADD10
                0x08002b18       0x2a build/stm32f1xx_hal_i2c.o
 *fill*         0x08002b42        0x2 
 .text.I2C_Master_ADDR
                0x08002b44      0x248 build/stm32f1xx_hal_i2c.o
 .text.I2C_SlaveTransmit_BTF
                0x08002d8c       0x20 build/stm32f1xx_hal_i2c.o
 .text.I2C_SlaveReceive_BTF
                0x08002dac       0x20 build/stm32f1xx_hal_i2c.o
 .text.I2C_WaitOnSTOPRequestThroughIT
                0x08002dcc       0x48 build/stm32f1xx_hal_i2c.o
 .text.I2C_IsAcknowledgeFailed
                0x08002e14       0x32 build/stm32f1xx_hal_i2c.o
 .text.I2C_ConvertOtherXferOptions
                0x08002e46       0x1e build/stm32f1xx_hal_i2c.o
 .text.I2C_WaitOnFlagUntilTimeout
                0x08002e64       0xaa build/stm32f1xx_hal_i2c.o
 .text.I2C_WaitOnMasterAddressFlagUntilTimeout
                0x08002f0e       0xd6 build/stm32f1xx_hal_i2c.o
 .text.I2C_MasterRequestWrite
                0x08002fe4       0xb4 build/stm32f1xx_hal_i2c.o
 .text.I2C_MasterRequestRead
                0x08003098      0x120 build/stm32f1xx_hal_i2c.o
 .text.I2C_WaitOnTXEFlagUntilTimeout
                0x080031b8       0x5e build/stm32f1xx_hal_i2c.o
 .text.I2C_WaitOnBTFFlagUntilTimeout
                0x08003216       0x5e build/stm32f1xx_hal_i2c.o
 .text.I2C_WaitOnRXNEFlagUntilTimeout
                0x08003274       0x78 build/stm32f1xx_hal_i2c.o
 .text.HAL_I2C_Init
                0x080032ec      0x1bc build/stm32f1xx_hal_i2c.o
                0x080032ec                HAL_I2C_Init
 .text.HAL_I2C_DeInit
                0x080034a8       0x32 build/stm32f1xx_hal_i2c.o
                0x080034a8                HAL_I2C_DeInit
 *fill*         0x080034da        0x2 
 .text.HAL_I2C_Master_Transmit
                0x080034dc      0x178 build/stm32f1xx_hal_i2c.o
                0x080034dc                HAL_I2C_Master_Transmit
 .text.HAL_I2C_Master_Receive
                0x08003654      0x358 build/stm32f1xx_hal_i2c.o
                0x08003654                HAL_I2C_Master_Receive
 .text.HAL_I2C_IsDeviceReady
                0x080039ac      0x194 build/stm32f1xx_hal_i2c.o
                0x080039ac                HAL_I2C_IsDeviceReady
 .text.HAL_I2C_MasterTxCpltCallback
                0x08003b40        0x2 build/stm32f1xx_hal_i2c.o
                0x08003b40                HAL_I2C_MasterTxCpltCallback
 .text.HAL_I2C_MasterRxCpltCallback
                0x08003b42        0x2 build/stm32f1xx_hal_i2c.o
                0x08003b42                HAL_I2C_MasterRxCpltCallback
 .text.HAL_I2C_SlaveTxCpltCallback
                0x08003b44        0x2 build/stm32f1xx_hal_i2c.o
                0x08003b44                HAL_I2C_SlaveTxCpltCallback
 .text.I2C_SlaveTransmit_TXE
                0x08003b46       0x4c build/stm32f1xx_hal_i2c.o
 .text.HAL_I2C_SlaveRxCpltCallback
                0x08003b92        0x2 build/stm32f1xx_hal_i2c.o
                0x08003b92                HAL_I2C_SlaveRxCpltCallback
 .text.I2C_SlaveReceive_RXNE
                0x08003b94       0x4c build/stm32f1xx_hal_i2c.o
 .text.HAL_I2C_AddrCallback
                0x08003be0        0x2 build/stm32f1xx_hal_i2c.o
                0x08003be0                HAL_I2C_AddrCallback
 .text.I2C_Slave_ADDR
                0x08003be2       0x5a build/stm32f1xx_hal_i2c.o
 .text.HAL_I2C_ListenCpltCallback
                0x08003c3c        0x2 build/stm32f1xx_hal_i2c.o
                0x08003c3c                HAL_I2C_ListenCpltCallback
 .text.HAL_I2C_MemTxCpltCallback
                0x08003c3e        0x2 build/stm32f1xx_hal_i2c.o
                0x08003c3e                HAL_I2C_MemTxCpltCallback
 .text.I2C_MasterTransmit_BTF
                0x08003c40       0x9e build/stm32f1xx_hal_i2c.o
 .text.I2C_MemoryTransmit_TXE_BTF
                0x08003cde       0xc4 build/stm32f1xx_hal_i2c.o
 .text.I2C_MasterTransmit_TXE
                0x08003da2       0xd4 build/stm32f1xx_hal_i2c.o
 .text.HAL_I2C_MemRxCpltCallback
                0x08003e76        0x2 build/stm32f1xx_hal_i2c.o
                0x08003e76                HAL_I2C_MemRxCpltCallback
 .text.I2C_MasterReceive_BTF
                0x08003e78      0x140 build/stm32f1xx_hal_i2c.o
 .text.HAL_I2C_ErrorCallback
                0x08003fb8        0x2 build/stm32f1xx_hal_i2c.o
                0x08003fb8                HAL_I2C_ErrorCallback
 .text.I2C_MasterReceive_RXNE
                0x08003fba      0x106 build/stm32f1xx_hal_i2c.o
 .text.HAL_I2C_AbortCpltCallback
                0x080040c0        0x2 build/stm32f1xx_hal_i2c.o
                0x080040c0                HAL_I2C_AbortCpltCallback
 *fill*         0x080040c2        0x2 
 .text.I2C_DMAAbort
                0x080040c4       0xe4 build/stm32f1xx_hal_i2c.o
 .text.I2C_ITError
                0x080041a8      0x178 build/stm32f1xx_hal_i2c.o
 .text.I2C_Slave_STOPF
                0x08004320      0x18c build/stm32f1xx_hal_i2c.o
 .text.HAL_I2C_EV_IRQHandler
                0x080044ac      0x1a0 build/stm32f1xx_hal_i2c.o
                0x080044ac                HAL_I2C_EV_IRQHandler
 .text.HAL_I2C_GetState
                0x0800464c        0x6 build/stm32f1xx_hal_i2c.o
                0x0800464c                HAL_I2C_GetState
 .text.HAL_I2C_GetError
                0x08004652        0x4 build/stm32f1xx_hal_i2c.o
                0x08004652                HAL_I2C_GetError
 .text.UART_EndRxTransfer
                0x08004656       0x5c build/stm32f1xx_hal_uart.o
 .text.UART_Transmit_IT
                0x080046b2       0x60 build/stm32f1xx_hal_uart.o
 *fill*         0x08004712        0x2 
 .text.UART_SetConfig
                0x08004714       0x94 build/stm32f1xx_hal_uart.o
 .text.UART_WaitOnFlagUntilTimeout
                0x080047a8       0x86 build/stm32f1xx_hal_uart.o
 .text.HAL_UART_Init
                0x0800482e       0x60 build/stm32f1xx_hal_uart.o
                0x0800482e                HAL_UART_Init
 .text.HAL_UART_Transmit
                0x0800488e       0xcc build/stm32f1xx_hal_uart.o
                0x0800488e                HAL_UART_Transmit
 .text.HAL_UART_TxCpltCallback
                0x0800495a        0x2 build/stm32f1xx_hal_uart.o
                0x0800495a                HAL_UART_TxCpltCallback
 .text.UART_EndTransmit_IT
                0x0800495c       0x1a build/stm32f1xx_hal_uart.o
 .text.HAL_UART_RxCpltCallback
                0x08004976        0x2 build/stm32f1xx_hal_uart.o
                0x08004976                HAL_UART_RxCpltCallback
 .text.HAL_UART_ErrorCallback
                0x08004978        0x2 build/stm32f1xx_hal_uart.o
                0x08004978                HAL_UART_ErrorCallback
 .text.UART_DMAAbortOnError
                0x0800497a       0x10 build/stm32f1xx_hal_uart.o
 .text.HAL_UARTEx_RxEventCallback
                0x0800498a        0x2 build/stm32f1xx_hal_uart.o
                0x0800498a                HAL_UARTEx_RxEventCallback
 .text.UART_Receive_IT
                0x0800498c       0xe6 build/stm32f1xx_hal_uart.o
 *fill*         0x08004a72        0x2 
 .text.HAL_UART_IRQHandler
                0x08004a74      0x284 build/stm32f1xx_hal_uart.o
                0x08004a74                HAL_UART_IRQHandler
 .text.Reset_Handler
                0x08004cf8       0x48 build/startup_stm32f103xb.o
                0x08004cf8                Reset_Handler
 .text.Default_Handler
                0x08004d40        0x2 build/startup_stm32f103xb.o
                0x08004d40                RTC_Alarm_IRQHandler
                0x08004d40                EXTI2_IRQHandler
                0x08004d40                TIM1_CC_IRQHandler
                0x08004d40                PVD_IRQHandler
                0x08004d40                EXTI3_IRQHandler
                0x08004d40                EXTI0_IRQHandler
                0x08004d40                I2C2_EV_IRQHandler
                0x08004d40                ADC1_2_IRQHandler
                0x08004d40                SPI1_IRQHandler
                0x08004d40                TAMPER_IRQHandler
                0x08004d40                DMA1_Channel4_IRQHandler
                0x08004d40                USART3_IRQHandler
                0x08004d40                RTC_IRQHandler
                0x08004d40                DMA1_Channel7_IRQHandler
                0x08004d40                CAN1_RX1_IRQHandler
                0x08004d40                TIM4_IRQHandler
                0x08004d40                DMA1_Channel6_IRQHandler
                0x08004d40                TIM3_IRQHandler
                0x08004d40                RCC_IRQHandler
                0x08004d40                TIM1_TRG_COM_IRQHandler
                0x08004d40                DMA1_Channel1_IRQHandler
                0x08004d40                Default_Handler
                0x08004d40                EXTI15_10_IRQHandler
                0x08004d40                EXTI9_5_IRQHandler
                0x08004d40                SPI2_IRQHandler
                0x08004d40                DMA1_Channel5_IRQHandler
                0x08004d40                EXTI4_IRQHandler
                0x08004d40                USB_LP_CAN1_RX0_IRQHandler
                0x08004d40                USB_HP_CAN1_TX_IRQHandler
                0x08004d40                DMA1_Channel3_IRQHandler
                0x08004d40                TIM1_UP_IRQHandler
                0x08004d40                WWDG_IRQHandler
                0x08004d40                TIM2_IRQHandler
                0x08004d40                TIM1_BRK_IRQHandler
                0x08004d40                EXTI1_IRQHandler
                0x08004d40                USART2_IRQHandler
                0x08004d40                I2C2_ER_IRQHandler
                0x08004d40                DMA1_Channel2_IRQHandler
                0x08004d40                CAN1_SCE_IRQHandler
                0x08004d40                FLASH_IRQHandler
                0x08004d40                I2C1_ER_IRQHandler
                0x08004d40                USBWakeUp_IRQHandler
 .text.__cvt    0x08004d42       0xce c:/users/administrator/.platformio/packages/toolchain-gccarmnoneeabi/bin/../lib/gcc/arm-none-eabi/12.3.1/../../../../arm-none-eabi/lib/thumb/v7-m/nofp\libc_nano.a(libc_a-nano-vfprintf_float.o)
                0x08004d42                __cvt
 .text.__exponent
                0x08004e10       0x74 c:/users/administrator/.platformio/packages/toolchain-gccarmnoneeabi/bin/../lib/gcc/arm-none-eabi/12.3.1/../../../../arm-none-eabi/lib/thumb/v7-m/nofp\libc_nano.a(libc_a-nano-vfprintf_float.o)
                0x08004e10                __exponent
 .text._printf_float
                0x08004e84      0x46c c:/users/administrator/.platformio/packages/toolchain-gccarmnoneeabi/bin/../lib/gcc/arm-none-eabi/12.3.1/../../../../arm-none-eabi/lib/thumb/v7-m/nofp\libc_nano.a(libc_a-nano-vfprintf_float.o)
                0x08004e84                _printf_float
 .text._printf_common
                0x080052f0       0xe4 c:/users/administrator/.platformio/packages/toolchain-gccarmnoneeabi/bin/../lib/gcc/arm-none-eabi/12.3.1/../../../../arm-none-eabi/lib/thumb/v7-m/nofp\libc_nano.a(libc_a-nano-vfprintf_i.o)
                0x080052f0                _printf_common
 .text._printf_i
                0x080053d4      0x258 c:/users/administrator/.platformio/packages/toolchain-gccarmnoneeabi/bin/../lib/gcc/arm-none-eabi/12.3.1/../../../../arm-none-eabi/lib/thumb/v7-m/nofp\libc_nano.a(libc_a-nano-vfprintf_i.o)
                0x080053d4                _printf_i
 .text.std      0x0800562c       0x6c c:/users/administrator/.platformio/packages/toolchain-gccarmnoneeabi/bin/../lib/gcc/arm-none-eabi/12.3.1/../../../../arm-none-eabi/lib/thumb/v7-m/nofp\libc_nano.a(libc_a-findfp.o)
 .text.stdio_exit_handler
                0x08005698       0x18 c:/users/administrator/.platformio/packages/toolchain-gccarmnoneeabi/bin/../lib/gcc/arm-none-eabi/12.3.1/../../../../arm-none-eabi/lib/thumb/v7-m/nofp\libc_nano.a(libc_a-findfp.o)
 .text.cleanup_stdio
                0x080056b0       0x40 c:/users/administrator/.platformio/packages/toolchain-gccarmnoneeabi/bin/../lib/gcc/arm-none-eabi/12.3.1/../../../../arm-none-eabi/lib/thumb/v7-m/nofp\libc_nano.a(libc_a-findfp.o)
 .text.global_stdio_init.part.0
                0x080056f0       0x3c c:/users/administrator/.platformio/packages/toolchain-gccarmnoneeabi/bin/../lib/gcc/arm-none-eabi/12.3.1/../../../../arm-none-eabi/lib/thumb/v7-m/nofp\libc_nano.a(libc_a-findfp.o)
 .text.__sfp_lock_acquire
                0x0800572c        0xc c:/users/administrator/.platformio/packages/toolchain-gccarmnoneeabi/bin/../lib/gcc/arm-none-eabi/12.3.1/../../../../arm-none-eabi/lib/thumb/v7-m/nofp\libc_nano.a(libc_a-findfp.o)
                0x0800572c                __sfp_lock_acquire
 .text.__sfp_lock_release
                0x08005738        0xc c:/users/administrator/.platformio/packages/toolchain-gccarmnoneeabi/bin/../lib/gcc/arm-none-eabi/12.3.1/../../../../arm-none-eabi/lib/thumb/v7-m/nofp\libc_nano.a(libc_a-findfp.o)
                0x08005738                __sfp_lock_release
 .text.__sinit  0x08005744       0x30 c:/users/administrator/.platformio/packages/toolchain-gccarmnoneeabi/bin/../lib/gcc/arm-none-eabi/12.3.1/../../../../arm-none-eabi/lib/thumb/v7-m/nofp\libc_nano.a(libc_a-findfp.o)
                0x08005744                __sinit
 .text._fwalk_sglue
                0x08005774       0x3c c:/users/administrator/.platformio/packages/toolchain-gccarmnoneeabi/bin/../lib/gcc/arm-none-eabi/12.3.1/../../../../arm-none-eabi/lib/thumb/v7-m/nofp\libc_nano.a(libc_a-fwalk.o)
                0x08005774                _fwalk_sglue
 .text.printf   0x080057b0       0x24 c:/users/administrator/.platformio/packages/toolchain-gccarmnoneeabi/bin/../lib/gcc/arm-none-eabi/12.3.1/../../../../arm-none-eabi/lib/thumb/v7-m/nofp\libc_nano.a(libc_a-printf.o)
                0x080057b0                iprintf
                0x080057b0                printf
 .text._puts_r  0x080057d4       0xaa c:/users/administrator/.platformio/packages/toolchain-gccarmnoneeabi/bin/../lib/gcc/arm-none-eabi/12.3.1/../../../../arm-none-eabi/lib/thumb/v7-m/nofp\libc_nano.a(libc_a-puts.o)
                0x080057d4                _puts_r
 *fill*         0x0800587e        0x2 
 .text.puts     0x08005880       0x10 c:/users/administrator/.platformio/packages/toolchain-gccarmnoneeabi/bin/../lib/gcc/arm-none-eabi/12.3.1/../../../../arm-none-eabi/lib/thumb/v7-m/nofp\libc_nano.a(libc_a-puts.o)
                0x08005880                puts
 .text.setbuf   0x08005890       0x10 c:/users/administrator/.platformio/packages/toolchain-gccarmnoneeabi/bin/../lib/gcc/arm-none-eabi/12.3.1/../../../../arm-none-eabi/lib/thumb/v7-m/nofp\libc_nano.a(libc_a-setbuf.o)
                0x08005890                setbuf
 .text.setvbuf  0x080058a0      0x168 c:/users/administrator/.platformio/packages/toolchain-gccarmnoneeabi/bin/../lib/gcc/arm-none-eabi/12.3.1/../../../../arm-none-eabi/lib/thumb/v7-m/nofp\libc_nano.a(libc_a-setvbuf.o)
                0x080058a0                setvbuf
 .text.__sread  0x08005a08       0x22 c:/users/administrator/.platformio/packages/toolchain-gccarmnoneeabi/bin/../lib/gcc/arm-none-eabi/12.3.1/../../../../arm-none-eabi/lib/thumb/v7-m/nofp\libc_nano.a(libc_a-stdio.o)
                0x08005a08                __sread
 .text.__swrite
                0x08005a2a       0x38 c:/users/administrator/.platformio/packages/toolchain-gccarmnoneeabi/bin/../lib/gcc/arm-none-eabi/12.3.1/../../../../arm-none-eabi/lib/thumb/v7-m/nofp\libc_nano.a(libc_a-stdio.o)
                0x08005a2a                __swrite
 .text.__sseek  0x08005a62       0x24 c:/users/administrator/.platformio/packages/toolchain-gccarmnoneeabi/bin/../lib/gcc/arm-none-eabi/12.3.1/../../../../arm-none-eabi/lib/thumb/v7-m/nofp\libc_nano.a(libc_a-stdio.o)
                0x08005a62                __sseek
 .text.__sclose
                0x08005a86        0x8 c:/users/administrator/.platformio/packages/toolchain-gccarmnoneeabi/bin/../lib/gcc/arm-none-eabi/12.3.1/../../../../arm-none-eabi/lib/thumb/v7-m/nofp\libc_nano.a(libc_a-stdio.o)
                0x08005a86                __sclose
 .text.__swbuf_r
                0x08005a8e       0x7c c:/users/administrator/.platformio/packages/toolchain-gccarmnoneeabi/bin/../lib/gcc/arm-none-eabi/12.3.1/../../../../arm-none-eabi/lib/thumb/v7-m/nofp\libc_nano.a(libc_a-wbuf.o)
                0x08005a8e                __swbuf_r
 *fill*         0x08005b0a        0x2 
 .text.__swsetup_r
                0x08005b0c       0xac c:/users/administrator/.platformio/packages/toolchain-gccarmnoneeabi/bin/../lib/gcc/arm-none-eabi/12.3.1/../../../../arm-none-eabi/lib/thumb/v7-m/nofp\libc_nano.a(libc_a-wsetup.o)
                0x08005b0c                __swsetup_r
 .text.memset   0x08005bb8       0x10 c:/users/administrator/.platformio/packages/toolchain-gccarmnoneeabi/bin/../lib/gcc/arm-none-eabi/12.3.1/../../../../arm-none-eabi/lib/thumb/v7-m/nofp\libc_nano.a(libc_a-memset.o)
                0x08005bb8                memset
 .text._localeconv_r
                0x08005bc8        0x8 c:/users/administrator/.platformio/packages/toolchain-gccarmnoneeabi/bin/../lib/gcc/arm-none-eabi/12.3.1/../../../../arm-none-eabi/lib/thumb/v7-m/nofp\libc_nano.a(libc_a-localeconv.o)
                0x08005bc8                _localeconv_r
 .text._close_r
                0x08005bd0       0x20 c:/users/administrator/.platformio/packages/toolchain-gccarmnoneeabi/bin/../lib/gcc/arm-none-eabi/12.3.1/../../../../arm-none-eabi/lib/thumb/v7-m/nofp\libc_nano.a(libc_a-closer.o)
                0x08005bd0                _close_r
 .text._lseek_r
                0x08005bf0       0x24 c:/users/administrator/.platformio/packages/toolchain-gccarmnoneeabi/bin/../lib/gcc/arm-none-eabi/12.3.1/../../../../arm-none-eabi/lib/thumb/v7-m/nofp\libc_nano.a(libc_a-lseekr.o)
                0x08005bf0                _lseek_r
 .text._read_r  0x08005c14       0x24 c:/users/administrator/.platformio/packages/toolchain-gccarmnoneeabi/bin/../lib/gcc/arm-none-eabi/12.3.1/../../../../arm-none-eabi/lib/thumb/v7-m/nofp\libc_nano.a(libc_a-readr.o)
                0x08005c14                _read_r
 .text._write_r
                0x08005c38       0x24 c:/users/administrator/.platformio/packages/toolchain-gccarmnoneeabi/bin/../lib/gcc/arm-none-eabi/12.3.1/../../../../arm-none-eabi/lib/thumb/v7-m/nofp\libc_nano.a(libc_a-writer.o)
                0x08005c38                _write_r
 .text.__errno  0x08005c5c        0xc c:/users/administrator/.platformio/packages/toolchain-gccarmnoneeabi/bin/../lib/gcc/arm-none-eabi/12.3.1/../../../../arm-none-eabi/lib/thumb/v7-m/nofp\libc_nano.a(libc_a-errno.o)
                0x08005c5c                __errno
 .text.__libc_init_array
                0x08005c68       0x48 c:/users/administrator/.platformio/packages/toolchain-gccarmnoneeabi/bin/../lib/gcc/arm-none-eabi/12.3.1/../../../../arm-none-eabi/lib/thumb/v7-m/nofp\libc_nano.a(libc_a-init.o)
                0x08005c68                __libc_init_array
 .text.__retarget_lock_init_recursive
                0x08005cb0        0x2 c:/users/administrator/.platformio/packages/toolchain-gccarmnoneeabi/bin/../lib/gcc/arm-none-eabi/12.3.1/../../../../arm-none-eabi/lib/thumb/v7-m/nofp\libc_nano.a(libc_a-lock.o)
                0x08005cb0                __retarget_lock_init_recursive
 .text.__retarget_lock_acquire_recursive
                0x08005cb2        0x2 c:/users/administrator/.platformio/packages/toolchain-gccarmnoneeabi/bin/../lib/gcc/arm-none-eabi/12.3.1/../../../../arm-none-eabi/lib/thumb/v7-m/nofp\libc_nano.a(libc_a-lock.o)
                0x08005cb2                __retarget_lock_acquire_recursive
 .text.__retarget_lock_release_recursive
                0x08005cb4        0x2 c:/users/administrator/.platformio/packages/toolchain-gccarmnoneeabi/bin/../lib/gcc/arm-none-eabi/12.3.1/../../../../arm-none-eabi/lib/thumb/v7-m/nofp\libc_nano.a(libc_a-lock.o)
                0x08005cb4                __retarget_lock_release_recursive
 .text.memchr   0x08005cb6       0x1c c:/users/administrator/.platformio/packages/toolchain-gccarmnoneeabi/bin/../lib/gcc/arm-none-eabi/12.3.1/../../../../arm-none-eabi/lib/thumb/v7-m/nofp\libc_nano.a(libc_a-memchr-stub.o)
                0x08005cb6                memchr
 .text.quorem   0x08005cd2      0x110 c:/users/administrator/.platformio/packages/toolchain-gccarmnoneeabi/bin/../lib/gcc/arm-none-eabi/12.3.1/../../../../arm-none-eabi/lib/thumb/v7-m/nofp\libc_nano.a(libc_a-dtoa.o)
 *fill*         0x08005de2        0x6 
 .text._dtoa_r  0x08005de8      0xc58 c:/users/administrator/.platformio/packages/toolchain-gccarmnoneeabi/bin/../lib/gcc/arm-none-eabi/12.3.1/../../../../arm-none-eabi/lib/thumb/v7-m/nofp\libc_nano.a(libc_a-dtoa.o)
                0x08005de8                _dtoa_r
 .text._free_r  0x08006a40       0x90 c:/users/administrator/.platformio/packages/toolchain-gccarmnoneeabi/bin/../lib/gcc/arm-none-eabi/12.3.1/../../../../arm-none-eabi/lib/thumb/v7-m/nofp\libc_nano.a(libc_a-freer.o)
                0x08006a40                _free_r
 .text.malloc   0x08006ad0       0x10 c:/users/administrator/.platformio/packages/toolchain-gccarmnoneeabi/bin/../lib/gcc/arm-none-eabi/12.3.1/../../../../arm-none-eabi/lib/thumb/v7-m/nofp\libc_nano.a(libc_a-malloc.o)
                0x08006ad0                malloc
 .text.sbrk_aligned
                0x08006ae0       0x44 c:/users/administrator/.platformio/packages/toolchain-gccarmnoneeabi/bin/../lib/gcc/arm-none-eabi/12.3.1/../../../../arm-none-eabi/lib/thumb/v7-m/nofp\libc_nano.a(libc_a-mallocr.o)
 .text._malloc_r
                0x08006b24      0x100 c:/users/administrator/.platformio/packages/toolchain-gccarmnoneeabi/bin/../lib/gcc/arm-none-eabi/12.3.1/../../../../arm-none-eabi/lib/thumb/v7-m/nofp\libc_nano.a(libc_a-mallocr.o)
                0x08006b24                _malloc_r
 .text.__malloc_lock
                0x08006c24        0xc c:/users/administrator/.platformio/packages/toolchain-gccarmnoneeabi/bin/../lib/gcc/arm-none-eabi/12.3.1/../../../../arm-none-eabi/lib/thumb/v7-m/nofp\libc_nano.a(libc_a-mlock.o)
                0x08006c24                __malloc_lock
 .text.__malloc_unlock
                0x08006c30        0xc c:/users/administrator/.platformio/packages/toolchain-gccarmnoneeabi/bin/../lib/gcc/arm-none-eabi/12.3.1/../../../../arm-none-eabi/lib/thumb/v7-m/nofp\libc_nano.a(libc_a-mlock.o)
                0x08006c30                __malloc_unlock
 .text._Balloc  0x08006c3c       0x80 c:/users/administrator/.platformio/packages/toolchain-gccarmnoneeabi/bin/../lib/gcc/arm-none-eabi/12.3.1/../../../../arm-none-eabi/lib/thumb/v7-m/nofp\libc_nano.a(libc_a-mprec.o)
                0x08006c3c                _Balloc
 .text._Bfree   0x08006cbc       0x44 c:/users/administrator/.platformio/packages/toolchain-gccarmnoneeabi/bin/../lib/gcc/arm-none-eabi/12.3.1/../../../../arm-none-eabi/lib/thumb/v7-m/nofp\libc_nano.a(libc_a-mprec.o)
                0x08006cbc                _Bfree
 .text.__multadd
                0x08006d00       0x8c c:/users/administrator/.platformio/packages/toolchain-gccarmnoneeabi/bin/../lib/gcc/arm-none-eabi/12.3.1/../../../../arm-none-eabi/lib/thumb/v7-m/nofp\libc_nano.a(libc_a-mprec.o)
                0x08006d00                __multadd
 .text.__hi0bits
                0x08006d8c       0x44 c:/users/administrator/.platformio/packages/toolchain-gccarmnoneeabi/bin/../lib/gcc/arm-none-eabi/12.3.1/../../../../arm-none-eabi/lib/thumb/v7-m/nofp\libc_nano.a(libc_a-mprec.o)
                0x08006d8c                __hi0bits
 .text.__lo0bits
                0x08006dd0       0x5a c:/users/administrator/.platformio/packages/toolchain-gccarmnoneeabi/bin/../lib/gcc/arm-none-eabi/12.3.1/../../../../arm-none-eabi/lib/thumb/v7-m/nofp\libc_nano.a(libc_a-mprec.o)
                0x08006dd0                __lo0bits
 *fill*         0x08006e2a        0x2 
 .text.__i2b    0x08006e2c       0x2c c:/users/administrator/.platformio/packages/toolchain-gccarmnoneeabi/bin/../lib/gcc/arm-none-eabi/12.3.1/../../../../arm-none-eabi/lib/thumb/v7-m/nofp\libc_nano.a(libc_a-mprec.o)
                0x08006e2c                __i2b
 .text.__multiply
                0x08006e58      0x150 c:/users/administrator/.platformio/packages/toolchain-gccarmnoneeabi/bin/../lib/gcc/arm-none-eabi/12.3.1/../../../../arm-none-eabi/lib/thumb/v7-m/nofp\libc_nano.a(libc_a-mprec.o)
                0x08006e58                __multiply
 .text.__pow5mult
                0x08006fa8       0xb4 c:/users/administrator/.platformio/packages/toolchain-gccarmnoneeabi/bin/../lib/gcc/arm-none-eabi/12.3.1/../../../../arm-none-eabi/lib/thumb/v7-m/nofp\libc_nano.a(libc_a-mprec.o)
                0x08006fa8                __pow5mult
 .text.__lshift
                0x0800705c       0xd8 c:/users/administrator/.platformio/packages/toolchain-gccarmnoneeabi/bin/../lib/gcc/arm-none-eabi/12.3.1/../../../../arm-none-eabi/lib/thumb/v7-m/nofp\libc_nano.a(libc_a-mprec.o)
                0x0800705c                __lshift
 .text.__mcmp   0x08007134       0x36 c:/users/administrator/.platformio/packages/toolchain-gccarmnoneeabi/bin/../lib/gcc/arm-none-eabi/12.3.1/../../../../arm-none-eabi/lib/thumb/v7-m/nofp\libc_nano.a(libc_a-mprec.o)
                0x08007134                __mcmp
 *fill*         0x0800716a        0x2 
 .text.__mdiff  0x0800716c      0x128 c:/users/administrator/.platformio/packages/toolchain-gccarmnoneeabi/bin/../lib/gcc/arm-none-eabi/12.3.1/../../../../arm-none-eabi/lib/thumb/v7-m/nofp\libc_nano.a(libc_a-mprec.o)
                0x0800716c                __mdiff
 .text.__d2b    0x08007294       0xb0 c:/users/administrator/.platformio/packages/toolchain-gccarmnoneeabi/bin/../lib/gcc/arm-none-eabi/12.3.1/../../../../arm-none-eabi/lib/thumb/v7-m/nofp\libc_nano.a(libc_a-mprec.o)
                0x08007294                __d2b
 .text.__sfputc_r
                0x08007344       0x2a c:/users/administrator/.platformio/packages/toolchain-gccarmnoneeabi/bin/../lib/gcc/arm-none-eabi/12.3.1/../../../../arm-none-eabi/lib/thumb/v7-m/nofp\libc_nano.a(libc_a-nano-vfprintf.o)
 .text.__sfputs_r
                0x0800736e       0x24 c:/users/administrator/.platformio/packages/toolchain-gccarmnoneeabi/bin/../lib/gcc/arm-none-eabi/12.3.1/../../../../arm-none-eabi/lib/thumb/v7-m/nofp\libc_nano.a(libc_a-nano-vfprintf.o)
                0x0800736e                __sfputs_r
 *fill*         0x08007392        0x2 
 .text._vfprintf_r
                0x08007394      0x230 c:/users/administrator/.platformio/packages/toolchain-gccarmnoneeabi/bin/../lib/gcc/arm-none-eabi/12.3.1/../../../../arm-none-eabi/lib/thumb/v7-m/nofp\libc_nano.a(libc_a-nano-vfprintf.o)
                0x08007394                _vfprintf_r
                0x08007394                _vfiprintf_r
 .text.__sflush_r
                0x080075c4      0x100 c:/users/administrator/.platformio/packages/toolchain-gccarmnoneeabi/bin/../lib/gcc/arm-none-eabi/12.3.1/../../../../arm-none-eabi/lib/thumb/v7-m/nofp\libc_nano.a(libc_a-fflush.o)
                0x080075c4                __sflush_r
 .text._fflush_r
                0x080076c4       0x50 c:/users/administrator/.platformio/packages/toolchain-gccarmnoneeabi/bin/../lib/gcc/arm-none-eabi/12.3.1/../../../../arm-none-eabi/lib/thumb/v7-m/nofp\libc_nano.a(libc_a-fflush.o)
                0x080076c4                _fflush_r
 .text.__swhatbuf_r
                0x08007714       0x4a c:/users/administrator/.platformio/packages/toolchain-gccarmnoneeabi/bin/../lib/gcc/arm-none-eabi/12.3.1/../../../../arm-none-eabi/lib/thumb/v7-m/nofp\libc_nano.a(libc_a-makebuf.o)
                0x08007714                __swhatbuf_r
 .text.__smakebuf_r
                0x0800775e       0x78 c:/users/administrator/.platformio/packages/toolchain-gccarmnoneeabi/bin/../lib/gcc/arm-none-eabi/12.3.1/../../../../arm-none-eabi/lib/thumb/v7-m/nofp\libc_nano.a(libc_a-makebuf.o)
                0x0800775e                __smakebuf_r
 *fill*         0x080077d6        0x2 
 .text._fstat_r
                0x080077d8       0x24 c:/users/administrator/.platformio/packages/toolchain-gccarmnoneeabi/bin/../lib/gcc/arm-none-eabi/12.3.1/../../../../arm-none-eabi/lib/thumb/v7-m/nofp\libc_nano.a(libc_a-fstatr.o)
                0x080077d8                _fstat_r
 .text._isatty_r
                0x080077fc       0x20 c:/users/administrator/.platformio/packages/toolchain-gccarmnoneeabi/bin/../lib/gcc/arm-none-eabi/12.3.1/../../../../arm-none-eabi/lib/thumb/v7-m/nofp\libc_nano.a(libc_a-isattyr.o)
                0x080077fc                _isatty_r
 .text._sbrk_r  0x0800781c       0x20 c:/users/administrator/.platformio/packages/toolchain-gccarmnoneeabi/bin/../lib/gcc/arm-none-eabi/12.3.1/../../../../arm-none-eabi/lib/thumb/v7-m/nofp\libc_nano.a(libc_a-sbrkr.o)
                0x0800781c                _sbrk_r
 .text.memcpy   0x0800783c       0x1c c:/users/administrator/.platformio/packages/toolchain-gccarmnoneeabi/bin/../lib/gcc/arm-none-eabi/12.3.1/../../../../arm-none-eabi/lib/thumb/v7-m/nofp\libc_nano.a(libc_a-memcpy-stub.o)
                0x0800783c                memcpy
 .text.__assert_func
                0x08007858       0x3c c:/users/administrator/.platformio/packages/toolchain-gccarmnoneeabi/bin/../lib/gcc/arm-none-eabi/12.3.1/../../../../arm-none-eabi/lib/thumb/v7-m/nofp\libc_nano.a(libc_a-assert.o)
                0x08007858                __assert_func
 .text._calloc_r
                0x08007894       0x28 c:/users/administrator/.platformio/packages/toolchain-gccarmnoneeabi/bin/../lib/gcc/arm-none-eabi/12.3.1/../../../../arm-none-eabi/lib/thumb/v7-m/nofp\libc_nano.a(libc_a-callocr.o)
                0x08007894                _calloc_r
 .text.__ascii_mbtowc
                0x080078bc       0x24 c:/users/administrator/.platformio/packages/toolchain-gccarmnoneeabi/bin/../lib/gcc/arm-none-eabi/12.3.1/../../../../arm-none-eabi/lib/thumb/v7-m/nofp\libc_nano.a(libc_a-mbtowc_r.o)
                0x080078bc                __ascii_mbtowc
 .text.__ascii_wctomb
                0x080078e0       0x1a c:/users/administrator/.platformio/packages/toolchain-gccarmnoneeabi/bin/../lib/gcc/arm-none-eabi/12.3.1/../../../../arm-none-eabi/lib/thumb/v7-m/nofp\libc_nano.a(libc_a-wctomb_r.o)
                0x080078e0                __ascii_wctomb
 *fill*         0x080078fa        0x2 
 .text.fprintf  0x080078fc       0x24 c:/users/administrator/.platformio/packages/toolchain-gccarmnoneeabi/bin/../lib/gcc/arm-none-eabi/12.3.1/../../../../arm-none-eabi/lib/thumb/v7-m/nofp\libc_nano.a(libc_a-fprintf.o)
                0x080078fc                fiprintf
                0x080078fc                fprintf
 .text.abort    0x08007920        0xe c:/users/administrator/.platformio/packages/toolchain-gccarmnoneeabi/bin/../lib/gcc/arm-none-eabi/12.3.1/../../../../arm-none-eabi/lib/thumb/v7-m/nofp\libc_nano.a(libc_a-abort.o)
                0x08007920                abort
 .text._raise_r
                0x0800792e       0x50 c:/users/administrator/.platformio/packages/toolchain-gccarmnoneeabi/bin/../lib/gcc/arm-none-eabi/12.3.1/../../../../arm-none-eabi/lib/thumb/v7-m/nofp\libc_nano.a(libc_a-signal.o)
                0x0800792e                _raise_r
 *fill*         0x0800797e        0x2 
 .text.raise    0x08007980       0x10 c:/users/administrator/.platformio/packages/toolchain-gccarmnoneeabi/bin/../lib/gcc/arm-none-eabi/12.3.1/../../../../arm-none-eabi/lib/thumb/v7-m/nofp\libc_nano.a(libc_a-signal.o)
                0x08007980                raise
 .text._kill_r  0x08007990       0x24 c:/users/administrator/.platformio/packages/toolchain-gccarmnoneeabi/bin/../lib/gcc/arm-none-eabi/12.3.1/../../../../arm-none-eabi/lib/thumb/v7-m/nofp\libc_nano.a(libc_a-signalr.o)
                0x08007990                _kill_r
 .text._getpid_r
                0x080079b4        0x4 c:/users/administrator/.platformio/packages/toolchain-gccarmnoneeabi/bin/../lib/gcc/arm-none-eabi/12.3.1/../../../../arm-none-eabi/lib/thumb/v7-m/nofp\libc_nano.a(libc_a-signalr.o)
                0x080079b4                _getpid_r
 *(.glue_7)
 .glue_7        0x080079b8        0x0 linker stubs
 *(.glue_7t)
 .glue_7t       0x080079b8        0x0 linker stubs
 *(.eh_frame)
 .eh_frame      0x080079b8        0x0 c:/users/administrator/.platformio/packages/toolchain-gccarmnoneeabi/bin/../lib/gcc/arm-none-eabi/12.3.1/thumb/v7-m/nofp/crtbegin.o
 *(.init)
 .init          0x080079b8        0x4 c:/users/administrator/.platformio/packages/toolchain-gccarmnoneeabi/bin/../lib/gcc/arm-none-eabi/12.3.1/thumb/v7-m/nofp/crti.o
                0x080079b8                _init
 .init          0x080079bc        0x8 c:/users/administrator/.platformio/packages/toolchain-gccarmnoneeabi/bin/../lib/gcc/arm-none-eabi/12.3.1/thumb/v7-m/nofp/crtn.o
 *(.fini)
 .fini          0x080079c4        0x4 c:/users/administrator/.platformio/packages/toolchain-gccarmnoneeabi/bin/../lib/gcc/arm-none-eabi/12.3.1/thumb/v7-m/nofp/crti.o
                0x080079c4                _fini
 .fini          0x080079c8        0x8 c:/users/administrator/.platformio/packages/toolchain-gccarmnoneeabi/bin/../lib/gcc/arm-none-eabi/12.3.1/thumb/v7-m/nofp/crtn.o
                0x080079d0                        . = ALIGN (0x4)
                0x080079d0                        _etext = .

.vfp11_veneer   0x080079d0        0x0
 .vfp11_veneer  0x080079d0        0x0 linker stubs

.v4_bx          0x080079d0        0x0
 .v4_bx         0x080079d0        0x0 linker stubs

.iplt           0x080079d0        0x0
 .iplt          0x080079d0        0x0 c:/users/administrator/.platformio/packages/toolchain-gccarmnoneeabi/bin/../lib/gcc/arm-none-eabi/12.3.1/thumb/v7-m/nofp/crtbegin.o

.rodata         0x080079d0      0xb68
                0x080079d0                        . = ALIGN (0x4)
 *(.rodata)
 *(.rodata*)
 .rodata.App_HalStatusStr.str1.4
                0x080079d0       0x32 build/main.o
 *fill*         0x08007a02        0x2 
 .rodata.App_PrintLastResetCause.str1.4
                0x08007a04       0x8c build/main.o
 .rodata.App_PrintI2cDecodeRaw.str1.4
                0x08007a90       0x89 build/main.o
                                 0x92 (size before relaxing)
 *fill*         0x08007b19        0x3 
 .rodata.I2C1_PrintBusProbe.str1.4
                0x08007b1c      0x133 build/main.o
 *fill*         0x08007c4f        0x1 
 .rodata.main.str1.4
                0x08007c50      0x4d8 build/main.o
 .rodata.hb_raw.0
                0x08008128       0x11 build/main.o
 *fill*         0x08008139        0x3 
 .rodata.alive.2
                0x0800813c       0x1c build/main.o
 .rodata.aPredivFactorTable.0
                0x08008158        0x2 build/stm32f1xx_hal_rcc.o
 *fill*         0x0800815a        0x2 
 .rodata.aPLLMULFactorTable.1
                0x0800815c       0x10 build/stm32f1xx_hal_rcc.o
 .rodata.APBPrescTable
                0x0800816c        0x8 build/system_stm32f1xx.o
                0x0800816c                APBPrescTable
 .rodata.AHBPrescTable
                0x08008174       0x10 build/system_stm32f1xx.o
                0x08008174                AHBPrescTable
 .rodata.AHT10_Init.str1.4
                0x08008184        0x3 build/aht10.o
 *fill*         0x08008187        0x1 
 .rodata.AHT10_Read.str1.4
                0x08008188        0x3 build/aht10.o
 .rodata._printf_float.str1.1
                0x0800818b       0x12 c:/users/administrator/.platformio/packages/toolchain-gccarmnoneeabi/bin/../lib/gcc/arm-none-eabi/12.3.1/../../../../arm-none-eabi/lib/thumb/v7-m/nofp\libc_nano.a(libc_a-nano-vfprintf_float.o)
 .rodata._printf_i.str1.1
                0x0800819d       0x22 c:/users/administrator/.platformio/packages/toolchain-gccarmnoneeabi/bin/../lib/gcc/arm-none-eabi/12.3.1/../../../../arm-none-eabi/lib/thumb/v7-m/nofp\libc_nano.a(libc_a-nano-vfprintf_i.o)
 .rodata._dtoa_r.str1.1
                0x080081bf       0xaa c:/users/administrator/.platformio/packages/toolchain-gccarmnoneeabi/bin/../lib/gcc/arm-none-eabi/12.3.1/../../../../arm-none-eabi/lib/thumb/v7-m/nofp\libc_nano.a(libc_a-dtoa.o)
                                 0xac (size before relaxing)
 .rodata._Balloc.str1.1
                0x08008269       0x76 c:/users/administrator/.platformio/packages/toolchain-gccarmnoneeabi/bin/../lib/gcc/arm-none-eabi/12.3.1/../../../../arm-none-eabi/lib/thumb/v7-m/nofp\libc_nano.a(libc_a-mprec.o)
                                 0x8d (size before relaxing)
 .rodata.__multadd.str1.1
                0x080082df       0x11 c:/users/administrator/.platformio/packages/toolchain-gccarmnoneeabi/bin/../lib/gcc/arm-none-eabi/12.3.1/../../../../arm-none-eabi/lib/thumb/v7-m/nofp\libc_nano.a(libc_a-mprec.o)
 *fill*         0x080082df        0x1 
 .rodata.p05.0  0x080082e0        0xc c:/users/administrator/.platformio/packages/toolchain-gccarmnoneeabi/bin/../lib/gcc/arm-none-eabi/12.3.1/../../../../arm-none-eabi/lib/thumb/v7-m/nofp\libc_nano.a(libc_a-mprec.o)
 *fill*         0x080082ec        0x4 
 .rodata.__mprec_bigtens
                0x080082f0       0x28 c:/users/administrator/.platformio/packages/toolchain-gccarmnoneeabi/bin/../lib/gcc/arm-none-eabi/12.3.1/../../../../arm-none-eabi/lib/thumb/v7-m/nofp\libc_nano.a(libc_a-mprec.o)
                0x080082f0                __mprec_bigtens
 .rodata.__mprec_tens
                0x08008318       0xc8 c:/users/administrator/.platformio/packages/toolchain-gccarmnoneeabi/bin/../lib/gcc/arm-none-eabi/12.3.1/../../../../arm-none-eabi/lib/thumb/v7-m/nofp\libc_nano.a(libc_a-mprec.o)
                0x08008318                __mprec_tens
 .rodata._vfprintf_r.str1.1
                0x080083e0       0x11 c:/users/administrator/.platformio/packages/toolchain-gccarmnoneeabi/bin/../lib/gcc/arm-none-eabi/12.3.1/../../../../arm-none-eabi/lib/thumb/v7-m/nofp\libc_nano.a(libc_a-nano-vfprintf.o)
 .rodata._setlocale_r.str1.1
                0x080083f1        0x8 c:/users/administrator/.platformio/packages/toolchain-gccarmnoneeabi/bin/../lib/gcc/arm-none-eabi/12.3.1/../../../../arm-none-eabi/lib/thumb/v7-m/nofp\libc_nano.a(libc_a-locale.o)
                                  0x9 (size before relaxing)
 .rodata.str1.1
                0x080083f9        0x2 c:/users/administrator/.platformio/packages/toolchain-gccarmnoneeabi/bin/../lib/gcc/arm-none-eabi/12.3.1/../../../../arm-none-eabi/lib/thumb/v7-m/nofp\libc_nano.a(libc_a-locale.o)
 .rodata.__assert_func.str1.1
                0x080083fb       0x3c c:/users/administrator/.platformio/packages/toolchain-gccarmnoneeabi/bin/../lib/gcc/arm-none-eabi/12.3.1/../../../../arm-none-eabi/lib/thumb/v7-m/nofp\libc_nano.a(libc_a-assert.o)
                                 0x3d (size before relaxing)
 .rodata._ctype_
                0x08008437      0x101 c:/users/administrator/.platformio/packages/toolchain-gccarmnoneeabi/bin/../lib/gcc/arm-none-eabi/12.3.1/../../../../arm-none-eabi/lib/thumb/v7-m/nofp\libc_nano.a(libc_a-ctype_.o)
                0x08008437                _ctype_
                0x08008538                        . = ALIGN (0x4)

.ARM.extab      0x08008538        0x0
                0x08008538                        . = ALIGN (0x4)
 *(.ARM.extab* .gnu.linkonce.armextab.*)
                0x08008538                        . = ALIGN (0x4)

.ARM            0x08008538        0x8
                0x08008538                        . = ALIGN (0x4)
                0x08008538                        __exidx_start = .
 *(.ARM.exidx*)
 .ARM.exidx     0x08008538        0x8 c:/users/administrator/.platformio/packages/toolchain-gccarmnoneeabi/bin/../lib/gcc/arm-none-eabi/12.3.1/../../../../arm-none-eabi/lib/thumb/v7-m/nofp\libc_nano.a(libc_a-strlen.o)
                0x08008540                        __exidx_end = .
                0x08008540                        . = ALIGN (0x4)

.preinit_array  0x08008540        0x0
                0x08008540                        . = ALIGN (0x4)
                0x08008540                        PROVIDE (__preinit_array_start = .)
 *(.preinit_array*)
                0x08008540                        PROVIDE (__preinit_array_end = .)
                0x08008540                        . = ALIGN (0x4)

.init_array     0x08008540        0x4
                0x08008540                        . = ALIGN (0x4)
                0x08008540                        PROVIDE (__init_array_start = .)
 *(SORT_BY_NAME(.init_array.*))
 *(.init_array*)
 .init_array    0x08008540        0x4 c:/users/administrator/.platformio/packages/toolchain-gccarmnoneeabi/bin/../lib/gcc/arm-none-eabi/12.3.1/thumb/v7-m/nofp/crtbegin.o
                0x08008544                        PROVIDE (__init_array_end = .)
                0x08008544                        . = ALIGN (0x4)

.fini_array     0x08008544        0x4
                0x08008544                        . = ALIGN (0x4)
                0x08008544                        PROVIDE (__fini_array_start = .)
 *(SORT_BY_NAME(.fini_array.*))
 *(.fini_array*)
 .fini_array    0x08008544        0x4 c:/users/administrator/.platformio/packages/toolchain-gccarmnoneeabi/bin/../lib/gcc/arm-none-eabi/12.3.1/thumb/v7-m/nofp/crtbegin.o
                0x08008548                        PROVIDE (__fini_array_end = .)
                0x08008548                        . = ALIGN (0x4)
                0x08008548                        _sidata = LOADADDR (.data)

.rel.dyn        0x08008548        0x0
 .rel.iplt      0x08008548        0x0 c:/users/administrator/.platformio/packages/toolchain-gccarmnoneeabi/bin/../lib/gcc/arm-none-eabi/12.3.1/thumb/v7-m/nofp/crtbegin.o

.data           0x20000000      0x1d8 load address 0x08008548
                0x20000000                        . = ALIGN (0x4)
                0x20000000                        _sdata = .
 *(.data)
 *(.data*)
 .data.uwTickFreq
                0x20000000        0x1 build/stm32f1xx_hal.o
                0x20000000                uwTickFreq
 *fill*         0x20000001        0x3 
 .data.uwTickPrio
                0x20000004        0x4 build/stm32f1xx_hal.o
                0x20000004                uwTickPrio
 .data.SystemCoreClock
                0x20000008        0x4 build/system_stm32f1xx.o
                0x20000008                SystemCoreClock
 .data.s_sgp30_addr7
                0x2000000c        0x1 build/sgp30.o
 *fill*         0x2000000d        0x3 
 .data.__sglue  0x20000010        0xc c:/users/administrator/.platformio/packages/toolchain-gccarmnoneeabi/bin/../lib/gcc/arm-none-eabi/12.3.1/../../../../arm-none-eabi/lib/thumb/v7-m/nofp\libc_nano.a(libc_a-findfp.o)
                0x20000010                __sglue
 .data._impure_ptr
                0x2000001c        0x4 c:/users/administrator/.platformio/packages/toolchain-gccarmnoneeabi/bin/../lib/gcc/arm-none-eabi/12.3.1/../../../../arm-none-eabi/lib/thumb/v7-m/nofp\libc_nano.a(libc_a-impure.o)
                0x2000001c                _impure_ptr
 .data._impure_data
                0x20000020       0x4c c:/users/administrator/.platformio/packages/toolchain-gccarmnoneeabi/bin/../lib/gcc/arm-none-eabi/12.3.1/../../../../arm-none-eabi/lib/thumb/v7-m/nofp\libc_nano.a(libc_a-impure.o)
                0x20000020                _impure_data
 .data.__global_locale
                0x2000006c      0x16c c:/users/administrator/.platformio/packages/toolchain-gccarmnoneeabi/bin/../lib/gcc/arm-none-eabi/12.3.1/../../../../arm-none-eabi/lib/thumb/v7-m/nofp\libc_nano.a(libc_a-locale.o)
                0x2000006c                __global_locale
 *(.RamFunc)
 *(.RamFunc*)
                0x200001d8                        . = ALIGN (0x4)
                0x200001d8                        _edata = .

.igot.plt       0x200001d8        0x0 load address 0x08008720
 .igot.plt      0x200001d8        0x0 c:/users/administrator/.platformio/packages/toolchain-gccarmnoneeabi/bin/../lib/gcc/arm-none-eabi/12.3.1/thumb/v7-m/nofp/crtbegin.o
                0x200001d8                        . = ALIGN (0x4)

.bss            0x200001d8      0x218 load address 0x08008720
                0x200001d8                        _sbss = .
                0x200001d8                        __bss_start__ = _sbss
 *(.bss)
 *(.bss*)
 .bss.completed.1
                0x200001d8        0x1 c:/users/administrator/.platformio/packages/toolchain-gccarmnoneeabi/bin/../lib/gcc/arm-none-eabi/12.3.1/thumb/v7-m/nofp/crtbegin.o
 *fill*         0x200001d9        0x3 
 .bss.object.0  0x200001dc       0x18 c:/users/administrator/.platformio/packages/toolchain-gccarmnoneeabi/bin/../lib/gcc/arm-none-eabi/12.3.1/thumb/v7-m/nofp/crtbegin.o
 .bss.next_hb_ms.1
                0x200001f4        0x4 build/main.o
 .bss.g_sgp30_ready
                0x200001f8        0x1 build/main.o
 .bss.g_aht10_ready
                0x200001f9        0x1 build/main.o
 .bss.g_sgp30_online
                0x200001fa        0x1 build/main.o
 .bss.g_aht10_online
                0x200001fb        0x1 build/main.o
 .bss.uwTick    0x200001fc        0x4 build/stm32f1xx_hal.o
                0x200001fc                uwTick
 .bss.__sbrk_heap_end
                0x20000200        0x4 build/sysmem.o
 .bss.hi2c1     0x20000204       0x54 build/i2c.o
                0x20000204                hi2c1
 .bss.huart1    0x20000258       0x48 build/usart.o
                0x20000258                huart1
 .bss.s_sgp30_last_diag
                0x200002a0        0x1 build/sgp30.o
 *fill*         0x200002a1        0x3 
 .bss.__sf      0x200002a4      0x138 c:/users/administrator/.platformio/packages/toolchain-gccarmnoneeabi/bin/../lib/gcc/arm-none-eabi/12.3.1/../../../../arm-none-eabi/lib/thumb/v7-m/nofp\libc_nano.a(libc_a-findfp.o)
                0x200002a4                __sf
 .bss.__stdio_exit_handler
                0x200003dc        0x4 c:/users/administrator/.platformio/packages/toolchain-gccarmnoneeabi/bin/../lib/gcc/arm-none-eabi/12.3.1/../../../../arm-none-eabi/lib/thumb/v7-m/nofp\libc_nano.a(libc_a-findfp.o)
                0x200003dc                __stdio_exit_handler
 .bss.errno     0x200003e0        0x4 c:/users/administrator/.platformio/packages/toolchain-gccarmnoneeabi/bin/../lib/gcc/arm-none-eabi/12.3.1/../../../../arm-none-eabi/lib/thumb/v7-m/nofp\libc_nano.a(libc_a-reent.o)
                0x200003e0                errno
 .bss.__lock___malloc_recursive_mutex
                0x200003e4        0x1 c:/users/administrator/.platformio/packages/toolchain-gccarmnoneeabi/bin/../lib/gcc/arm-none-eabi/12.3.1/../../../../arm-none-eabi/lib/thumb/v7-m/nofp\libc_nano.a(libc_a-lock.o)
                0x200003e4                __lock___malloc_recursive_mutex
 .bss.__lock___sfp_recursive_mutex
                0x200003e5        0x1 c:/users/administrator/.platformio/packages/toolchain-gccarmnoneeabi/bin/../lib/gcc/arm-none-eabi/12.3.1/../../../../arm-none-eabi/lib/thumb/v7-m/nofp\libc_nano.a(libc_a-lock.o)
                0x200003e5                __lock___sfp_recursive_mutex
 *fill*         0x200003e6        0x2 
 .bss.__malloc_sbrk_start
                0x200003e8        0x4 c:/users/administrator/.platformio/packages/toolchain-gccarmnoneeabi/bin/../lib/gcc/arm-none-eabi/12.3.1/../../../../arm-none-eabi/lib/thumb/v7-m/nofp\libc_nano.a(libc_a-mallocr.o)
                0x200003e8                __malloc_sbrk_start
 .bss.__malloc_free_list
                0x200003ec        0x4 c:/users/administrator/.platformio/packages/toolchain-gccarmnoneeabi/bin/../lib/gcc/arm-none-eabi/12.3.1/../../../../arm-none-eabi/lib/thumb/v7-m/nofp\libc_nano.a(libc_a-mallocr.o)
                0x200003ec                __malloc_free_list
 *(COMMON)
                0x200003f0                        . = ALIGN (0x4)
                0x200003f0                        _ebss = .
                0x200003f0                        __bss_end__ = _ebss

._user_heap_stack
                0x200003f0      0x600 load address 0x08008720
                0x200003f0                        . = ALIGN (0x8)
                [!provide]                        PROVIDE (end = .)
                0x200003f0                        PROVIDE (_end = .)
                0x200005f0                        . = (. + _Min_Heap_Size)
 *fill*         0x200003f0      0x200 
                0x200009f0                        . = (. + _Min_Stack_Size)
 *fill*         0x200005f0      0x400 
                0x200009f0                        . = ALIGN (0x8)

/DISCARD/
 libc.a(*)
 libm.a(*)
 libgcc.a(*)
OUTPUT(build/F103C8T.elf elf32-littlearm)
LOAD linker stubs
LOAD c:/users/administrator/.platformio/packages/toolchain-gccarmnoneeabi/bin/../lib/gcc/arm-none-eabi/12.3.1/../../../../arm-none-eabi/lib/thumb/v7-m/nofp\libc.a
LOAD c:/users/administrator/.platformio/packages/toolchain-gccarmnoneeabi/bin/../lib/gcc/arm-none-eabi/12.3.1/../../../../arm-none-eabi/lib/thumb/v7-m/nofp\libm.a
LOAD c:/users/administrator/.platformio/packages/toolchain-gccarmnoneeabi/bin/../lib/gcc/arm-none-eabi/12.3.1/thumb/v7-m/nofp\libgcc.a

.ARM.attributes
                0x00000000       0x29
 .ARM.attributes
                0x00000000       0x1d c:/users/administrator/.platformio/packages/toolchain-gccarmnoneeabi/bin/../lib/gcc/arm-none-eabi/12.3.1/thumb/v7-m/nofp/crti.o
 .ARM.attributes
                0x0000001d       0x2d c:/users/administrator/.platformio/packages/toolchain-gccarmnoneeabi/bin/../lib/gcc/arm-none-eabi/12.3.1/thumb/v7-m/nofp/crtbegin.o
 .ARM.attributes
                0x0000004a       0x2d build/main.o
 .ARM.attributes
                0x00000077       0x2d build/gpio.o
 .ARM.attributes
                0x000000a4       0x2d build/stm32f1xx_it.o
 .ARM.attributes
                0x000000d1       0x2d build/stm32f1xx_hal_msp.o
 .ARM.attributes
                0x000000fe       0x2d build/stm32f1xx_hal.o
 .ARM.attributes
                0x0000012b       0x2d build/stm32f1xx_hal_rcc.o
 .ARM.attributes
                0x00000158       0x2d build/stm32f1xx_hal_gpio.o
 .ARM.attributes
                0x00000185       0x2d build/stm32f1xx_hal_dma.o
 .ARM.attributes
                0x000001b2       0x2d build/stm32f1xx_hal_cortex.o
 .ARM.attributes
                0x000001df       0x2d build/system_stm32f1xx.o
 .ARM.attributes
                0x0000020c       0x2d build/sysmem.o
 .ARM.attributes
                0x00000239       0x2d build/syscalls.o
 .ARM.attributes
                0x00000266       0x2d build/i2c.o
 .ARM.attributes
                0x00000293       0x2d build/usart.o
 .ARM.attributes
                0x000002c0       0x2d build/aht10.o
 .ARM.attributes
                0x000002ed       0x2d build/sgp30.o
 .ARM.attributes
                0x0000031a       0x2d build/stm32f1xx_hal_i2c.o
 .ARM.attributes
                0x00000347       0x2d build/stm32f1xx_hal_uart.o
 .ARM.attributes
                0x00000374       0x21 build/startup_stm32f103xb.o
 .ARM.attributes
                0x00000395       0x2d c:/users/administrator/.platformio/packages/toolchain-gccarmnoneeabi/bin/../lib/gcc/arm-none-eabi/12.3.1/../../../../arm-none-eabi/lib/thumb/v7-m/nofp\libc_nano.a(libc_a-nano-vfprintf_float.o)
 .ARM.attributes
                0x000003c2       0x2d c:/users/administrator/.platformio/packages/toolchain-gccarmnoneeabi/bin/../lib/gcc/arm-none-eabi/12.3.1/../../../../arm-none-eabi/lib/thumb/v7-m/nofp\libc_nano.a(libc_a-nano-vfprintf_i.o)
 .ARM.attributes
                0x000003ef       0x2d c:/users/administrator/.platformio/packages/toolchain-gccarmnoneeabi/bin/../lib/gcc/arm-none-eabi/12.3.1/../../../../arm-none-eabi/lib/thumb/v7-m/nofp\libc_nano.a(libc_a-findfp.o)
 .ARM.attributes
                0x0000041c       0x2d c:/users/administrator/.platformio/packages/toolchain-gccarmnoneeabi/bin/../lib/gcc/arm-none-eabi/12.3.1/../../../../arm-none-eabi/lib/thumb/v7-m/nofp\libc_nano.a(libc_a-fwalk.o)
 .ARM.attributes
                0x00000449       0x2d c:/users/administrator/.platformio/packages/toolchain-gccarmnoneeabi/bin/../lib/gcc/arm-none-eabi/12.3.1/../../../../arm-none-eabi/lib/thumb/v7-m/nofp\libc_nano.a(libc_a-printf.o)
 .ARM.attributes
                0x00000476       0x2d c:/users/administrator/.platformio/packages/toolchain-gccarmnoneeabi/bin/../lib/gcc/arm-none-eabi/12.3.1/../../../../arm-none-eabi/lib/thumb/v7-m/nofp\libc_nano.a(libc_a-puts.o)
 .ARM.attributes
                0x000004a3       0x2d c:/users/administrator/.platformio/packages/toolchain-gccarmnoneeabi/bin/../lib/gcc/arm-none-eabi/12.3.1/../../../../arm-none-eabi/lib/thumb/v7-m/nofp\libc_nano.a(libc_a-setbuf.o)
 .ARM.attributes
                0x000004d0       0x2d c:/users/administrator/.platformio/packages/toolchain-gccarmnoneeabi/bin/../lib/gcc/arm-none-eabi/12.3.1/../../../../arm-none-eabi/lib/thumb/v7-m/nofp\libc_nano.a(libc_a-setvbuf.o)
 .ARM.attributes
                0x000004fd       0x2d c:/users/administrator/.platformio/packages/toolchain-gccarmnoneeabi/bin/../lib/gcc/arm-none-eabi/12.3.1/../../../../arm-none-eabi/lib/thumb/v7-m/nofp\libc_nano.a(libc_a-stdio.o)
 .ARM.attributes
                0x0000052a       0x2d c:/users/administrator/.platformio/packages/toolchain-gccarmnoneeabi/bin/../lib/gcc/arm-none-eabi/12.3.1/../../../../arm-none-eabi/lib/thumb/v7-m/nofp\libc_nano.a(libc_a-wbuf.o)
 .ARM.attributes
                0x00000557       0x2d c:/users/administrator/.platformio/packages/toolchain-gccarmnoneeabi/bin/../lib/gcc/arm-none-eabi/12.3.1/../../../../arm-none-eabi/lib/thumb/v7-m/nofp\libc_nano.a(libc_a-wsetup.o)
 .ARM.attributes
                0x00000584       0x2d c:/users/administrator/.platformio/packages/toolchain-gccarmnoneeabi/bin/../lib/gcc/arm-none-eabi/12.3.1/../../../../arm-none-eabi/lib/thumb/v7-m/nofp\libc_nano.a(libc_a-memset.o)
 .ARM.attributes
                0x000005b1       0x2d c:/users/administrator/.platformio/packages/toolchain-gccarmnoneeabi/bin/../lib/gcc/arm-none-eabi/12.3.1/../../../../arm-none-eabi/lib/thumb/v7-m/nofp\libc_nano.a(libc_a-localeconv.o)
 .ARM.attributes
                0x000005de       0x2d c:/users/administrator/.platformio/packages/toolchain-gccarmnoneeabi/bin/../lib/gcc/arm-none-eabi/12.3.1/../../../../arm-none-eabi/lib/thumb/v7-m/nofp\libc_nano.a(libc_a-closer.o)
 .ARM.attributes
                0x0000060b       0x2d c:/users/administrator/.platformio/packages/toolchain-gccarmnoneeabi/bin/../lib/gcc/arm-none-eabi/12.3.1/../../../../arm-none-eabi/lib/thumb/v7-m/nofp\libc_nano.a(libc_a-reent.o)
 .ARM.attributes
                0x00000638       0x2d c:/users/administrator/.platformio/packages/toolchain-gccarmnoneeabi/bin/../lib/gcc/arm-none-eabi/12.3.1/../../../../arm-none-eabi/lib/thumb/v7-m/nofp\libc_nano.a(libc_a-impure.o)
 .ARM.attributes
                0x00000665       0x2d c:/users/administrator/.platformio/packages/toolchain-gccarmnoneeabi/bin/../lib/gcc/arm-none-eabi/12.3.1/../../../../arm-none-eabi/lib/thumb/v7-m/nofp\libc_nano.a(libc_a-lseekr.o)
 .ARM.attributes
                0x00000692       0x2d c:/users/administrator/.platformio/packages/toolchain-gccarmnoneeabi/bin/../lib/gcc/arm-none-eabi/12.3.1/../../../../arm-none-eabi/lib/thumb/v7-m/nofp\libc_nano.a(libc_a-readr.o)
 .ARM.attributes
                0x000006bf       0x2d c:/users/administrator/.platformio/packages/toolchain-gccarmnoneeabi/bin/../lib/gcc/arm-none-eabi/12.3.1/../../../../arm-none-eabi/lib/thumb/v7-m/nofp\libc_nano.a(libc_a-writer.o)
 .ARM.attributes
                0x000006ec       0x2d c:/users/administrator/.platformio/packages/toolchain-gccarmnoneeabi/bin/../lib/gcc/arm-none-eabi/12.3.1/../../../../arm-none-eabi/lib/thumb/v7-m/nofp\libc_nano.a(libc_a-errno.o)
 .ARM.attributes
                0x00000719       0x2d c:/users/administrator/.platformio/packages/toolchain-gccarmnoneeabi/bin/../lib/gcc/arm-none-eabi/12.3.1/../../../../arm-none-eabi/lib/thumb/v7-m/nofp\libc_nano.a(libc_a-init.o)
 .ARM.attributes
                0x00000746       0x2d c:/users/administrator/.platformio/packages/toolchain-gccarmnoneeabi/bin/../lib/gcc/arm-none-eabi/12.3.1/../../../../arm-none-eabi/lib/thumb/v7-m/nofp\libc_nano.a(libc_a-lock.o)
 .ARM.attributes
                0x00000773       0x2d c:/users/administrator/.platformio/packages/toolchain-gccarmnoneeabi/bin/../lib/gcc/arm-none-eabi/12.3.1/../../../../arm-none-eabi/lib/thumb/v7-m/nofp\libc_nano.a(libc_a-memchr-stub.o)
 .ARM.attributes
                0x000007a0       0x17 c:/users/administrator/.platformio/packages/toolchain-gccarmnoneeabi/bin/../lib/gcc/arm-none-eabi/12.3.1/../../../../arm-none-eabi/lib/thumb/v7-m/nofp\libc_nano.a(libc_a-strlen.o)
 .ARM.attributes
                0x000007b7       0x2d c:/users/administrator/.platformio/packages/toolchain-gccarmnoneeabi/bin/../lib/gcc/arm-none-eabi/12.3.1/../../../../arm-none-eabi/lib/thumb/v7-m/nofp\libc_nano.a(libc_a-dtoa.o)
 .ARM.attributes
                0x000007e4       0x2d c:/users/administrator/.platformio/packages/toolchain-gccarmnoneeabi/bin/../lib/gcc/arm-none-eabi/12.3.1/../../../../arm-none-eabi/lib/thumb/v7-m/nofp\libc_nano.a(libc_a-freer.o)
 .ARM.attributes
                0x00000811       0x2d c:/users/administrator/.platformio/packages/toolchain-gccarmnoneeabi/bin/../lib/gcc/arm-none-eabi/12.3.1/../../../../arm-none-eabi/lib/thumb/v7-m/nofp\libc_nano.a(libc_a-malloc.o)
 .ARM.attributes
                0x0000083e       0x2d c:/users/administrator/.platformio/packages/toolchain-gccarmnoneeabi/bin/../lib/gcc/arm-none-eabi/12.3.1/../../../../arm-none-eabi/lib/thumb/v7-m/nofp\libc_nano.a(libc_a-mallocr.o)
 .ARM.attributes
                0x0000086b       0x2d c:/users/administrator/.platformio/packages/toolchain-gccarmnoneeabi/bin/../lib/gcc/arm-none-eabi/12.3.1/../../../../arm-none-eabi/lib/thumb/v7-m/nofp\libc_nano.a(libc_a-mlock.o)
 .ARM.attributes
                0x00000898       0x2d c:/users/administrator/.platformio/packages/toolchain-gccarmnoneeabi/bin/../lib/gcc/arm-none-eabi/12.3.1/../../../../arm-none-eabi/lib/thumb/v7-m/nofp\libc_nano.a(libc_a-mprec.o)
 .ARM.attributes
                0x000008c5       0x2d c:/users/administrator/.platformio/packages/toolchain-gccarmnoneeabi/bin/../lib/gcc/arm-none-eabi/12.3.1/../../../../arm-none-eabi/lib/thumb/v7-m/nofp\libc_nano.a(libc_a-nano-vfprintf.o)
 .ARM.attributes
                0x000008f2       0x2d c:/users/administrator/.platformio/packages/toolchain-gccarmnoneeabi/bin/../lib/gcc/arm-none-eabi/12.3.1/../../../../arm-none-eabi/lib/thumb/v7-m/nofp\libc_nano.a(libc_a-fflush.o)
 .ARM.attributes
                0x0000091f       0x2d c:/users/administrator/.platformio/packages/toolchain-gccarmnoneeabi/bin/../lib/gcc/arm-none-eabi/12.3.1/../../../../arm-none-eabi/lib/thumb/v7-m/nofp\libc_nano.a(libc_a-makebuf.o)
 .ARM.attributes
                0x0000094c       0x2d c:/users/administrator/.platformio/packages/toolchain-gccarmnoneeabi/bin/../lib/gcc/arm-none-eabi/12.3.1/../../../../arm-none-eabi/lib/thumb/v7-m/nofp\libc_nano.a(libc_a-locale.o)
 .ARM.attributes
                0x00000979       0x2d c:/users/administrator/.platformio/packages/toolchain-gccarmnoneeabi/bin/../lib/gcc/arm-none-eabi/12.3.1/../../../../arm-none-eabi/lib/thumb/v7-m/nofp\libc_nano.a(libc_a-fstatr.o)
 .ARM.attributes
                0x000009a6       0x2d c:/users/administrator/.platformio/packages/toolchain-gccarmnoneeabi/bin/../lib/gcc/arm-none-eabi/12.3.1/../../../../arm-none-eabi/lib/thumb/v7-m/nofp\libc_nano.a(libc_a-isattyr.o)
 .ARM.attributes
                0x000009d3       0x2d c:/users/administrator/.platformio/packages/toolchain-gccarmnoneeabi/bin/../lib/gcc/arm-none-eabi/12.3.1/../../../../arm-none-eabi/lib/thumb/v7-m/nofp\libc_nano.a(libc_a-sbrkr.o)
 .ARM.attributes
                0x00000a00       0x2d c:/users/administrator/.platformio/packages/toolchain-gccarmnoneeabi/bin/../lib/gcc/arm-none-eabi/12.3.1/../../../../arm-none-eabi/lib/thumb/v7-m/nofp\libc_nano.a(libc_a-memcpy-stub.o)
 .ARM.attributes
                0x00000a2d       0x2d c:/users/administrator/.platformio/packages/toolchain-gccarmnoneeabi/bin/../lib/gcc/arm-none-eabi/12.3.1/../../../../arm-none-eabi/lib/thumb/v7-m/nofp\libc_nano.a(libc_a-assert.o)
 .ARM.attributes
                0x00000a5a       0x2d c:/users/administrator/.platformio/packages/toolchain-gccarmnoneeabi/bin/../lib/gcc/arm-none-eabi/12.3.1/../../../../arm-none-eabi/lib/thumb/v7-m/nofp\libc_nano.a(libc_a-callocr.o)
 .ARM.attributes
                0x00000a87       0x2d c:/users/administrator/.platformio/packages/toolchain-gccarmnoneeabi/bin/../lib/gcc/arm-none-eabi/12.3.1/../../../../arm-none-eabi/lib/thumb/v7-m/nofp\libc_nano.a(libc_a-mbtowc_r.o)
 .ARM.attributes
                0x00000ab4       0x2d c:/users/administrator/.platformio/packages/toolchain-gccarmnoneeabi/bin/../lib/gcc/arm-none-eabi/12.3.1/../../../../arm-none-eabi/lib/thumb/v7-m/nofp\libc_nano.a(libc_a-wctomb_r.o)
 .ARM.attributes
                0x00000ae1       0x2d c:/users/administrator/.platformio/packages/toolchain-gccarmnoneeabi/bin/../lib/gcc/arm-none-eabi/12.3.1/../../../../arm-none-eabi/lib/thumb/v7-m/nofp\libc_nano.a(libc_a-ctype_.o)
 .ARM.attributes
                0x00000b0e       0x2d c:/users/administrator/.platformio/packages/toolchain-gccarmnoneeabi/bin/../lib/gcc/arm-none-eabi/12.3.1/../../../../arm-none-eabi/lib/thumb/v7-m/nofp\libc_nano.a(libc_a-fprintf.o)
 .ARM.attributes
                0x00000b3b       0x2d c:/users/administrator/.platformio/packages/toolchain-gccarmnoneeabi/bin/../lib/gcc/arm-none-eabi/12.3.1/../../../../arm-none-eabi/lib/thumb/v7-m/nofp\libc_nano.a(libc_a-abort.o)
 .ARM.attributes
                0x00000b68       0x2d c:/users/administrator/.platformio/packages/toolchain-gccarmnoneeabi/bin/../lib/gcc/arm-none-eabi/12.3.1/../../../../arm-none-eabi/lib/thumb/v7-m/nofp\libc_nano.a(libc_a-signal.o)
 .ARM.attributes
                0x00000b95       0x2d c:/users/administrator/.platformio/packages/toolchain-gccarmnoneeabi/bin/../lib/gcc/arm-none-eabi/12.3.1/../../../../arm-none-eabi/lib/thumb/v7-m/nofp\libc_nano.a(libc_a-signalr.o)
 .ARM.attributes
                0x00000bc2       0x1d c:/users/administrator/.platformio/packages/toolchain-gccarmnoneeabi/bin/../lib/gcc/arm-none-eabi/12.3.1/thumb/v7-m/nofp\libgcc.a(_arm_mulsf3.o)
 .ARM.attributes
                0x00000bdf       0x1d c:/users/administrator/.platformio/packages/toolchain-gccarmnoneeabi/bin/../lib/gcc/arm-none-eabi/12.3.1/thumb/v7-m/nofp\libgcc.a(_arm_addsubdf3.o)
 .ARM.attributes
                0x00000bfc       0x1d c:/users/administrator/.platformio/packages/toolchain-gccarmnoneeabi/bin/../lib/gcc/arm-none-eabi/12.3.1/thumb/v7-m/nofp\libgcc.a(_arm_muldivdf3.o)
 .ARM.attributes
                0x00000c19       0x1d c:/users/administrator/.platformio/packages/toolchain-gccarmnoneeabi/bin/../lib/gcc/arm-none-eabi/12.3.1/thumb/v7-m/nofp\libgcc.a(_arm_cmpdf2.o)
 .ARM.attributes
                0x00000c36       0x1d c:/users/administrator/.platformio/packages/toolchain-gccarmnoneeabi/bin/../lib/gcc/arm-none-eabi/12.3.1/thumb/v7-m/nofp\libgcc.a(_arm_unorddf2.o)
 .ARM.attributes
                0x00000c53       0x1d c:/users/administrator/.platformio/packages/toolchain-gccarmnoneeabi/bin/../lib/gcc/arm-none-eabi/12.3.1/thumb/v7-m/nofp\libgcc.a(_arm_fixdfsi.o)
 .ARM.attributes
                0x00000c70       0x1d c:/users/administrator/.platformio/packages/toolchain-gccarmnoneeabi/bin/../lib/gcc/arm-none-eabi/12.3.1/thumb/v7-m/nofp\libgcc.a(_arm_addsubsf3.o)
 .ARM.attributes
                0x00000c8d       0x1d c:/users/administrator/.platformio/packages/toolchain-gccarmnoneeabi/bin/../lib/gcc/arm-none-eabi/12.3.1/thumb/v7-m/nofp/crtn.o

.comment        0x00000000       0x39
 .comment       0x00000000       0x39 c:/users/administrator/.platformio/packages/toolchain-gccarmnoneeabi/bin/../lib/gcc/arm-none-eabi/12.3.1/thumb/v7-m/nofp/crtbegin.o
                                 0x3a (size before relaxing)
 .comment       0x00000039       0x3a build/main.o
 .comment       0x00000039       0x3a build/gpio.o
 .comment       0x00000039       0x3a build/stm32f1xx_it.o
 .comment       0x00000039       0x3a build/stm32f1xx_hal_msp.o
 .comment       0x00000039       0x3a build/stm32f1xx_hal.o
 .comment       0x00000039       0x3a build/stm32f1xx_hal_rcc.o
 .comment       0x00000039       0x3a build/stm32f1xx_hal_gpio.o
 .comment       0x00000039       0x3a build/stm32f1xx_hal_dma.o
 .comment       0x00000039       0x3a build/stm32f1xx_hal_cortex.o
 .comment       0x00000039       0x3a build/system_stm32f1xx.o
 .comment       0x00000039       0x3a build/sysmem.o
 .comment       0x00000039       0x3a build/syscalls.o
 .comment       0x00000039       0x3a build/i2c.o
 .comment       0x00000039       0x3a build/usart.o
 .comment       0x00000039       0x3a build/aht10.o
 .comment       0x00000039       0x3a build/sgp30.o
 .comment       0x00000039       0x3a build/stm32f1xx_hal_i2c.o
 .comment       0x00000039       0x3a build/stm32f1xx_hal_uart.o
 .comment       0x00000039       0x3a c:/users/administrator/.platformio/packages/toolchain-gccarmnoneeabi/bin/../lib/gcc/arm-none-eabi/12.3.1/../../../../arm-none-eabi/lib/thumb/v7-m/nofp\libc_nano.a(libc_a-nano-vfprintf_float.o)
 .comment       0x00000039       0x3a c:/users/administrator/.platformio/packages/toolchain-gccarmnoneeabi/bin/../lib/gcc/arm-none-eabi/12.3.1/../../../../arm-none-eabi/lib/thumb/v7-m/nofp\libc_nano.a(libc_a-nano-vfprintf_i.o)
 .comment       0x00000039       0x3a c:/users/administrator/.platformio/packages/toolchain-gccarmnoneeabi/bin/../lib/gcc/arm-none-eabi/12.3.1/../../../../arm-none-eabi/lib/thumb/v7-m/nofp\libc_nano.a(libc_a-findfp.o)
 .comment       0x00000039       0x3a c:/users/administrator/.platformio/packages/toolchain-gccarmnoneeabi/bin/../lib/gcc/arm-none-eabi/12.3.1/../../../../arm-none-eabi/lib/thumb/v7-m/nofp\libc_nano.a(libc_a-fwalk.o)
 .comment       0x00000039       0x3a c:/users/administrator/.platformio/packages/toolchain-gccarmnoneeabi/bin/../lib/gcc/arm-none-eabi/12.3.1/../../../../arm-none-eabi/lib/thumb/v7-m/nofp\libc_nano.a(libc_a-printf.o)
 .comment       0x00000039       0x3a c:/users/administrator/.platformio/packages/toolchain-gccarmnoneeabi/bin/../lib/gcc/arm-none-eabi/12.3.1/../../../../arm-none-eabi/lib/thumb/v7-m/nofp\libc_nano.a(libc_a-puts.o)
 .comment       0x00000039       0x3a c:/users/administrator/.platformio/packages/toolchain-gccarmnoneeabi/bin/../lib/gcc/arm-none-eabi/12.3.1/../../../../arm-none-eabi/lib/thumb/v7-m/nofp\libc_nano.a(libc_a-setbuf.o)
 .comment       0x00000039       0x3a c:/users/administrator/.platformio/packages/toolchain-gccarmnoneeabi/bin/../lib/gcc/arm-none-eabi/12.3.1/../../../../arm-none-eabi/lib/thumb/v7-m/nofp\libc_nano.a(libc_a-setvbuf.o)
 .comment       0x00000039       0x3a c:/users/administrator/.platformio/packages/toolchain-gccarmnoneeabi/bin/../lib/gcc/arm-none-eabi/12.3.1/../../../../arm-none-eabi/lib/thumb/v7-m/nofp\libc_nano.a(libc_a-stdio.o)
 .comment       0x00000039       0x3a c:/users/administrator/.platformio/packages/toolchain-gccarmnoneeabi/bin/../lib/gcc/arm-none-eabi/12.3.1/../../../../arm-none-eabi/lib/thumb/v7-m/nofp\libc_nano.a(libc_a-wbuf.o)
 .comment       0x00000039       0x3a c:/users/administrator/.platformio/packages/toolchain-gccarmnoneeabi/bin/../lib/gcc/arm-none-eabi/12.3.1/../../../../arm-none-eabi/lib/thumb/v7-m/nofp\libc_nano.a(libc_a-wsetup.o)
 .comment       0x00000039       0x3a c:/users/administrator/.platformio/packages/toolchain-gccarmnoneeabi/bin/../lib/gcc/arm-none-eabi/12.3.1/../../../../arm-none-eabi/lib/thumb/v7-m/nofp\libc_nano.a(libc_a-memset.o)
 .comment       0x00000039       0x3a c:/users/administrator/.platformio/packages/toolchain-gccarmnoneeabi/bin/../lib/gcc/arm-none-eabi/12.3.1/../../../../arm-none-eabi/lib/thumb/v7-m/nofp\libc_nano.a(libc_a-localeconv.o)
 .comment       0x00000039       0x3a c:/users/administrator/.platformio/packages/toolchain-gccarmnoneeabi/bin/../lib/gcc/arm-none-eabi/12.3.1/../../../../arm-none-eabi/lib/thumb/v7-m/nofp\libc_nano.a(libc_a-closer.o)
 .comment       0x00000039       0x3a c:/users/administrator/.platformio/packages/toolchain-gccarmnoneeabi/bin/../lib/gcc/arm-none-eabi/12.3.1/../../../../arm-none-eabi/lib/thumb/v7-m/nofp\libc_nano.a(libc_a-reent.o)
 .comment       0x00000039       0x3a c:/users/administrator/.platformio/packages/toolchain-gccarmnoneeabi/bin/../lib/gcc/arm-none-eabi/12.3.1/../../../../arm-none-eabi/lib/thumb/v7-m/nofp\libc_nano.a(libc_a-impure.o)
 .comment       0x00000039       0x3a c:/users/administrator/.platformio/packages/toolchain-gccarmnoneeabi/bin/../lib/gcc/arm-none-eabi/12.3.1/../../../../arm-none-eabi/lib/thumb/v7-m/nofp\libc_nano.a(libc_a-lseekr.o)
 .comment       0x00000039       0x3a c:/users/administrator/.platformio/packages/toolchain-gccarmnoneeabi/bin/../lib/gcc/arm-none-eabi/12.3.1/../../../../arm-none-eabi/lib/thumb/v7-m/nofp\libc_nano.a(libc_a-readr.o)
 .comment       0x00000039       0x3a c:/users/administrator/.platformio/packages/toolchain-gccarmnoneeabi/bin/../lib/gcc/arm-none-eabi/12.3.1/../../../../arm-none-eabi/lib/thumb/v7-m/nofp\libc_nano.a(libc_a-writer.o)
 .comment       0x00000039       0x3a c:/users/administrator/.platformio/packages/toolchain-gccarmnoneeabi/bin/../lib/gcc/arm-none-eabi/12.3.1/../../../../arm-none-eabi/lib/thumb/v7-m/nofp\libc_nano.a(libc_a-errno.o)
 .comment       0x00000039       0x3a c:/users/administrator/.platformio/packages/toolchain-gccarmnoneeabi/bin/../lib/gcc/arm-none-eabi/12.3.1/../../../../arm-none-eabi/lib/thumb/v7-m/nofp\libc_nano.a(libc_a-init.o)
 .comment       0x00000039       0x3a c:/users/administrator/.platformio/packages/toolchain-gccarmnoneeabi/bin/../lib/gcc/arm-none-eabi/12.3.1/../../../../arm-none-eabi/lib/thumb/v7-m/nofp\libc_nano.a(libc_a-lock.o)
 .comment       0x00000039       0x3a c:/users/administrator/.platformio/packages/toolchain-gccarmnoneeabi/bin/../lib/gcc/arm-none-eabi/12.3.1/../../../../arm-none-eabi/lib/thumb/v7-m/nofp\libc_nano.a(libc_a-memchr-stub.o)
 .comment       0x00000039       0x3a c:/users/administrator/.platformio/packages/toolchain-gccarmnoneeabi/bin/../lib/gcc/arm-none-eabi/12.3.1/../../../../arm-none-eabi/lib/thumb/v7-m/nofp\libc_nano.a(libc_a-dtoa.o)
 .comment       0x00000039       0x3a c:/users/administrator/.platformio/packages/toolchain-gccarmnoneeabi/bin/../lib/gcc/arm-none-eabi/12.3.1/../../../../arm-none-eabi/lib/thumb/v7-m/nofp\libc_nano.a(libc_a-freer.o)
 .comment       0x00000039       0x3a c:/users/administrator/.platformio/packages/toolchain-gccarmnoneeabi/bin/../lib/gcc/arm-none-eabi/12.3.1/../../../../arm-none-eabi/lib/thumb/v7-m/nofp\libc_nano.a(libc_a-malloc.o)
 .comment       0x00000039       0x3a c:/users/administrator/.platformio/packages/toolchain-gccarmnoneeabi/bin/../lib/gcc/arm-none-eabi/12.3.1/../../../../arm-none-eabi/lib/thumb/v7-m/nofp\libc_nano.a(libc_a-mallocr.o)
 .comment       0x00000039       0x3a c:/users/administrator/.platformio/packages/toolchain-gccarmnoneeabi/bin/../lib/gcc/arm-none-eabi/12.3.1/../../../../arm-none-eabi/lib/thumb/v7-m/nofp\libc_nano.a(libc_a-mlock.o)
 .comment       0x00000039       0x3a c:/users/administrator/.platformio/packages/toolchain-gccarmnoneeabi/bin/../lib/gcc/arm-none-eabi/12.3.1/../../../../arm-none-eabi/lib/thumb/v7-m/nofp\libc_nano.a(libc_a-mprec.o)
 .comment       0x00000039       0x3a c:/users/administrator/.platformio/packages/toolchain-gccarmnoneeabi/bin/../lib/gcc/arm-none-eabi/12.3.1/../../../../arm-none-eabi/lib/thumb/v7-m/nofp\libc_nano.a(libc_a-nano-vfprintf.o)
 .comment       0x00000039       0x3a c:/users/administrator/.platformio/packages/toolchain-gccarmnoneeabi/bin/../lib/gcc/arm-none-eabi/12.3.1/../../../../arm-none-eabi/lib/thumb/v7-m/nofp\libc_nano.a(libc_a-fflush.o)
 .comment       0x00000039       0x3a c:/users/administrator/.platformio/packages/toolchain-gccarmnoneeabi/bin/../lib/gcc/arm-none-eabi/12.3.1/../../../../arm-none-eabi/lib/thumb/v7-m/nofp\libc_nano.a(libc_a-makebuf.o)
 .comment       0x00000039       0x3a c:/users/administrator/.platformio/packages/toolchain-gccarmnoneeabi/bin/../lib/gcc/arm-none-eabi/12.3.1/../../../../arm-none-eabi/lib/thumb/v7-m/nofp\libc_nano.a(libc_a-locale.o)
 .comment       0x00000039       0x3a c:/users/administrator/.platformio/packages/toolchain-gccarmnoneeabi/bin/../lib/gcc/arm-none-eabi/12.3.1/../../../../arm-none-eabi/lib/thumb/v7-m/nofp\libc_nano.a(libc_a-fstatr.o)
 .comment       0x00000039       0x3a c:/users/administrator/.platformio/packages/toolchain-gccarmnoneeabi/bin/../lib/gcc/arm-none-eabi/12.3.1/../../../../arm-none-eabi/lib/thumb/v7-m/nofp\libc_nano.a(libc_a-isattyr.o)
 .comment       0x00000039       0x3a c:/users/administrator/.platformio/packages/toolchain-gccarmnoneeabi/bin/../lib/gcc/arm-none-eabi/12.3.1/../../../../arm-none-eabi/lib/thumb/v7-m/nofp\libc_nano.a(libc_a-sbrkr.o)
 .comment       0x00000039       0x3a c:/users/administrator/.platformio/packages/toolchain-gccarmnoneeabi/bin/../lib/gcc/arm-none-eabi/12.3.1/../../../../arm-none-eabi/lib/thumb/v7-m/nofp\libc_nano.a(libc_a-memcpy-stub.o)
 .comment       0x00000039       0x3a c:/users/administrator/.platformio/packages/toolchain-gccarmnoneeabi/bin/../lib/gcc/arm-none-eabi/12.3.1/../../../../arm-none-eabi/lib/thumb/v7-m/nofp\libc_nano.a(libc_a-assert.o)
 .comment       0x00000039       0x3a c:/users/administrator/.platformio/packages/toolchain-gccarmnoneeabi/bin/../lib/gcc/arm-none-eabi/12.3.1/../../../../arm-none-eabi/lib/thumb/v7-m/nofp\libc_nano.a(libc_a-callocr.o)
 .comment       0x00000039       0x3a c:/users/administrator/.platformio/packages/toolchain-gccarmnoneeabi/bin/../lib/gcc/arm-none-eabi/12.3.1/../../../../arm-none-eabi/lib/thumb/v7-m/nofp\libc_nano.a(libc_a-mbtowc_r.o)
 .comment       0x00000039       0x3a c:/users/administrator/.platformio/packages/toolchain-gccarmnoneeabi/bin/../lib/gcc/arm-none-eabi/12.3.1/../../../../arm-none-eabi/lib/thumb/v7-m/nofp\libc_nano.a(libc_a-wctomb_r.o)
 .comment       0x00000039       0x3a c:/users/administrator/.platformio/packages/toolchain-gccarmnoneeabi/bin/../lib/gcc/arm-none-eabi/12.3.1/../../../../arm-none-eabi/lib/thumb/v7-m/nofp\libc_nano.a(libc_a-ctype_.o)
 .comment       0x00000039       0x3a c:/users/administrator/.platformio/packages/toolchain-gccarmnoneeabi/bin/../lib/gcc/arm-none-eabi/12.3.1/../../../../arm-none-eabi/lib/thumb/v7-m/nofp\libc_nano.a(libc_a-fprintf.o)
 .comment       0x00000039       0x3a c:/users/administrator/.platformio/packages/toolchain-gccarmnoneeabi/bin/../lib/gcc/arm-none-eabi/12.3.1/../../../../arm-none-eabi/lib/thumb/v7-m/nofp\libc_nano.a(libc_a-abort.o)
 .comment       0x00000039       0x3a c:/users/administrator/.platformio/packages/toolchain-gccarmnoneeabi/bin/../lib/gcc/arm-none-eabi/12.3.1/../../../../arm-none-eabi/lib/thumb/v7-m/nofp\libc_nano.a(libc_a-signal.o)
 .comment       0x00000039       0x3a c:/users/administrator/.platformio/packages/toolchain-gccarmnoneeabi/bin/../lib/gcc/arm-none-eabi/12.3.1/../../../../arm-none-eabi/lib/thumb/v7-m/nofp\libc_nano.a(libc_a-signalr.o)

.debug_info     0x00000000    0x122e0
 .debug_info    0x00000000     0x280e build/main.o
 .debug_info    0x0000280e      0x35e build/gpio.o
 .debug_info    0x00002b6c      0xa32 build/stm32f1xx_it.o
 .debug_info    0x0000359e      0x238 build/stm32f1xx_hal_msp.o
 .debug_info    0x000037d6      0x880 build/stm32f1xx_hal.o
 .debug_info    0x00004056      0xb10 build/stm32f1xx_hal_rcc.o
 .debug_info    0x00004b66      0x6d7 build/stm32f1xx_hal_gpio.o
 .debug_info    0x0000523d      0x8bd build/stm32f1xx_hal_dma.o
 .debug_info    0x00005afa      0xe13 build/stm32f1xx_hal_cortex.o
 .debug_info    0x0000690d      0x26e build/system_stm32f1xx.o
 .debug_info    0x00006b7b      0x18c build/sysmem.o
 .debug_info    0x00006d07      0x84d build/syscalls.o
 .debug_info    0x00007554      0xb98 build/i2c.o
 .debug_info    0x000080ec      0xb26 build/usart.o
 .debug_info    0x00008c12      0x97f build/aht10.o
 .debug_info    0x00009591      0x9d8 build/sgp30.o
 .debug_info    0x00009f69     0x3cdf build/stm32f1xx_hal_i2c.o
 .debug_info    0x0000dc48     0x42de build/stm32f1xx_hal_uart.o
 .debug_info    0x00011f26       0x30 build/startup_stm32f103xb.o
 .debug_info    0x00011f56       0x3f c:/users/administrator/.platformio/packages/toolchain-gccarmnoneeabi/bin/../lib/gcc/arm-none-eabi/12.3.1/thumb/v7-m/nofp\libgcc.a(_arm_mulsf3.o)
 .debug_info    0x00011f95       0xd3 c:/users/administrator/.platformio/packages/toolchain-gccarmnoneeabi/bin/../lib/gcc/arm-none-eabi/12.3.1/thumb/v7-m/nofp\libgcc.a(_arm_addsubdf3.o)
 .debug_info    0x00012068       0x57 c:/users/administrator/.platformio/packages/toolchain-gccarmnoneeabi/bin/../lib/gcc/arm-none-eabi/12.3.1/thumb/v7-m/nofp\libgcc.a(_arm_muldivdf3.o)
 .debug_info    0x000120bf       0xdf c:/users/administrator/.platformio/packages/toolchain-gccarmnoneeabi/bin/../lib/gcc/arm-none-eabi/12.3.1/thumb/v7-m/nofp\libgcc.a(_arm_cmpdf2.o)